WARNING: A terminally deprecated method in sun.misc.Unsafe has been called
WARNING: sun.misc.Unsafe::staticFieldBase has been called by com.google.inject.internal.aop.HiddenClassDefiner (file:/C:/Program%20Files/Apache/apache-maven-3.9.11/lib/guice-5.1.0-classes.jar)
WARNING: Please consider reporting this to the maintainers of class com.google.inject.internal.aop.HiddenClassDefiner
WARNING: sun.misc.Unsafe::staticFieldBase will be removed in a future release
[INFO] Scanning for projects...
[INFO] 
[INFO] ----------------< com.tw0far.potiongames:PotionGamesX >-----------------
[INFO] Building PotionGamesX 1.0.0
[INFO]   from pom.xml
[INFO] --------------------------------[ jar ]---------------------------------
[INFO] 
[INFO] --- clean:3.2.0:clean (default-clean) @ PotionGamesX ---
[INFO] Deleting E:\Privat\Temp\PotionGames\target
[INFO] 
[INFO] --- resources:3.3.1:resources (default-resources) @ PotionGamesX ---
[INFO] Copying 3 resources from src\main\resources to target\classes
[INFO] 
[INFO] --- compiler:3.13.0:compile (default-compile) @ PotionGamesX ---
[INFO] Recompiling the module because of changed source code.
[INFO] Compiling 114 source files with javac [debug target 25] to target\classes
[INFO] /E:/Privat/Temp/PotionGames/src/main/java/com/tw0far/potiongames/main/PotionGames.java: Some input files use or override a deprecated API.
[INFO] /E:/Privat/Temp/PotionGames/src/main/java/com/tw0far/potiongames/main/PotionGames.java: Recompile with -Xlint:deprecation for details.
[INFO] -------------------------------------------------------------
[WARNING] COMPILATION WARNING : 
[INFO] -------------------------------------------------------------
[WARNING] /E:/Privat/Temp/PotionGames/src/main/java/com/tw0far/potiongames/listeners/TeleportEventListener.java:[39,65] CHORUS_FRUIT in org.bukkit.event.player.PlayerTeleportEvent.TeleportCause has been deprecated and marked for removal
[INFO] 1 warning
[INFO] -------------------------------------------------------------
[INFO] -------------------------------------------------------------
[ERROR] COMPILATION ERROR : 
[INFO] -------------------------------------------------------------
[ERROR] /E:/Privat/Temp/PotionGames/src/main/java/com/tw0far/potiongames/models/Lobby.java:[965,18] method getCurrentArena() is already defined in class com.tw0far.potiongames.models.Lobby
[ERROR] /E:/Privat/Temp/PotionGames/src/main/java/com/tw0far/potiongames/models/Lobby.java:[974,17] method setCurrentArena(com.tw0far.potiongames.models.Arena) is already defined in class com.tw0far.potiongames.models.Lobby
[ERROR] /E:/Privat/Temp/PotionGames/src/main/java/com/tw0far/potiongames/models/Lobby.java:[985,18] method getVotedArena() is already defined in class com.tw0far.potiongames.models.Lobby
[ERROR] /E:/Privat/Temp/PotionGames/src/main/java/com/tw0far/potiongames/main/PotionGames.java:[770,22] cannot find symbol
  symbol:   method removePlayerTeam(org.bukkit.entity.Player)
  location: variable lobby of type com.tw0far.potiongames.models.Lobby
[ERROR] /E:/Privat/Temp/PotionGames/src/main/java/com/tw0far/potiongames/main/PotionGames.java:[782,22] cannot find symbol
  symbol:   method decrementTeamCount(int)
  location: variable lobby of type com.tw0far.potiongames.models.Lobby
[ERROR] /E:/Privat/Temp/PotionGames/src/main/java/com/tw0far/potiongames/main/PotionGames.java:[1584,9] cannot find symbol
  symbol:   method chestData()
  location: class com.tw0far.potiongames.main.PotionGames
[ERROR] /E:/Privat/Temp/PotionGames/src/main/java/com/tw0far/potiongames/main/PotionGames.java:[1610,13] cannot find symbol
  symbol:   method tick()
  location: class com.tw0far.potiongames.main.PotionGames
[ERROR] /E:/Privat/Temp/PotionGames/src/main/java/com/tw0far/potiongames/main/PotionGames.java:[1769,25] cannot find symbol
  symbol:   method tickLobby(java.lang.String)
  location: class com.tw0far.potiongames.main.PotionGames
[ERROR] /E:/Privat/Temp/PotionGames/src/main/java/com/tw0far/potiongames/main/PotionGames.java:[1868,17] cannot find symbol
  symbol:   method onLeaveLobby(org.bukkit.entity.Player,java.lang.String)
  location: class com.tw0far.potiongames.main.PotionGames
[ERROR] /E:/Privat/Temp/PotionGames/src/main/java/com/tw0far/potiongames/main/PotionGames.java:[1872,17] cannot find symbol
  symbol:   method onLeaveLobby(org.bukkit.entity.Player,java.lang.String)
  location: class com.tw0far.potiongames.main.PotionGames
[ERROR] /E:/Privat/Temp/PotionGames/src/main/java/com/tw0far/potiongames/main/PotionGames.java:[2207,13] cannot find symbol
  symbol:   method joinChannel(org.bukkit.entity.Player,java.lang.String)
  location: class com.tw0far.potiongames.main.PotionGames
[ERROR] /E:/Privat/Temp/PotionGames/src/main/java/com/tw0far/potiongames/main/PotionGames.java:[2225,13] cannot find symbol
  symbol:   method clearEffects(org.bukkit.entity.Player)
  location: class com.tw0far.potiongames.main.PotionGames
[ERROR] /E:/Privat/Temp/PotionGames/src/main/java/com/tw0far/potiongames/main/PotionGames.java:[2235,21] cannot find symbol
  symbol:   method tick()
  location: class com.tw0far.potiongames.main.PotionGames
[ERROR] /E:/Privat/Temp/PotionGames/src/main/java/com/tw0far/potiongames/main/PotionGames.java:[2311,9] cannot find symbol
  symbol:   method joinChannel(org.bukkit.entity.Player,java.lang.String)
  location: class com.tw0far.potiongames.main.PotionGames
[ERROR] /E:/Privat/Temp/PotionGames/src/main/java/com/tw0far/potiongames/main/PotionGames.java:[2953,22] cannot find symbol
  symbol:   method addPlacedBlock(org.bukkit.Location,java.lang.Object)
  location: variable lobby of type com.tw0far.potiongames.models.Lobby
[ERROR] /E:/Privat/Temp/PotionGames/src/main/java/com/tw0far/potiongames/commands/SetupCommand.java:[57,19] cannot find symbol
  symbol:   method clearEffects(org.bukkit.entity.Player)
  location: variable plugin of type com.tw0far.potiongames.main.PotionGames
[ERROR] /E:/Privat/Temp/PotionGames/src/main/java/com/tw0far/potiongames/handlers/SetupHandler.java:[151,32] method addSpawn in class com.tw0far.potiongames.models.Arena cannot be applied to given types;
  required: org.bukkit.Location
  found:    int,org.bukkit.Location
  reason: actual and formal argument lists differ in length
[ERROR] /E:/Privat/Temp/PotionGames/src/main/java/com/tw0far/potiongames/handlers/SetupHandler.java:[203,32] method addDeathmatchSpawn in class com.tw0far.potiongames.models.Arena cannot be applied to given types;
  required: org.bukkit.Location
  found:    int,org.bukkit.Location
  reason: actual and formal argument lists differ in length
[ERROR] /E:/Privat/Temp/PotionGames/src/main/java/com/tw0far/potiongames/listeners/InventoryEventListener.java:[269,23] cannot find symbol
  symbol:   method onJoinLobby(org.bukkit.entity.Player,java.lang.String)
  location: variable plugin of type com.tw0far.potiongames.main.PotionGames
[ERROR] /E:/Privat/Temp/PotionGames/src/main/java/com/tw0far/potiongames/listeners/InventoryEventListener.java:[308,47] cannot find symbol
  symbol:   method chestData()
  location: variable plugin of type com.tw0far.potiongames.main.PotionGames
[ERROR] /E:/Privat/Temp/PotionGames/src/main/java/com/tw0far/potiongames/listeners/InventoryEventListener.java:[561,43] cannot find symbol
  symbol:   method clearEffects(org.bukkit.entity.Player)
  location: variable plugin of type com.tw0far.potiongames.main.PotionGames
[ERROR] /E:/Privat/Temp/PotionGames/src/main/java/com/tw0far/potiongames/listeners/InventoryEventListener.java:[714,35] cannot find symbol
  symbol:   method onLeaveLobby(org.bukkit.entity.Player,java.lang.String)
  location: variable plugin of type com.tw0far.potiongames.main.PotionGames
[ERROR] /E:/Privat/Temp/PotionGames/src/main/java/com/tw0far/potiongames/listeners/InventoryEventListener.java:[956,43] cannot find symbol
  symbol:   method onJoinLobby(org.bukkit.entity.Player,java.lang.String)
  location: variable plugin of type com.tw0far.potiongames.main.PotionGames
[ERROR] /E:/Privat/Temp/PotionGames/src/main/java/com/tw0far/potiongames/listeners/PlayerEventListener.java:[31,15] cannot find symbol
  symbol:   method joinChannel(org.bukkit.entity.Player,java.lang.String)
  location: variable plugin of type com.tw0far.potiongames.main.PotionGames
[ERROR] /E:/Privat/Temp/PotionGames/src/main/java/com/tw0far/potiongames/listeners/PlayerEventListener.java:[70,23] cannot find symbol
  symbol:   method onLeaveLobby(org.bukkit.entity.Player,java.lang.String)
  location: variable plugin of type com.tw0far.potiongames.main.PotionGames
[INFO] 25 errors 
[INFO] -------------------------------------------------------------
[INFO] ------------------------------------------------------------------------
[INFO] BUILD FAILURE
[INFO] ------------------------------------------------------------------------
[INFO] Total time:  3.555 s
[INFO] Finished at: 2026-05-11T18:26:06+02:00
[INFO] ------------------------------------------------------------------------
[ERROR] Failed to execute goal org.apache.maven.plugins:maven-compiler-plugin:3.13.0:compile (default-compile) on project PotionGamesX: Compilation failure: Compilation failure: 
[ERROR] /E:/Privat/Temp/PotionGames/src/main/java/com/tw0far/potiongames/models/Lobby.java:[965,18] method getCurrentArena() is already defined in class com.tw0far.potiongames.models.Lobby
[ERROR] /E:/Privat/Temp/PotionGames/src/main/java/com/tw0far/potiongames/models/Lobby.java:[974,17] method setCurrentArena(com.tw0far.potiongames.models.Arena) is already defined in class com.tw0far.potiongames.models.Lobby
[ERROR] /E:/Privat/Temp/PotionGames/src/main/java/com/tw0far/potiongames/models/Lobby.java:[985,18] method getVotedArena() is already defined in class com.tw0far.potiongames.models.Lobby
[ERROR] /E:/Privat/Temp/PotionGames/src/main/java/com/tw0far/potiongames/main/PotionGames.java:[770,22] cannot find symbol
[ERROR]   symbol:   method removePlayerTeam(org.bukkit.entity.Player)
[ERROR]   location: variable lobby of type com.tw0far.potiongames.models.Lobby
[ERROR] /E:/Privat/Temp/PotionGames/src/main/java/com/tw0far/potiongames/main/PotionGames.java:[782,22] cannot find symbol
[ERROR]   symbol:   method decrementTeamCount(int)
[ERROR]   location: variable lobby of type com.tw0far.potiongames.models.Lobby
[ERROR] /E:/Privat/Temp/PotionGames/src/main/java/com/tw0far/potiongames/main/PotionGames.java:[1584,9] cannot find symbol
[ERROR]   symbol:   method chestData()
[ERROR]   location: class com.tw0far.potiongames.main.PotionGames
[ERROR] /E:/Privat/Temp/PotionGames/src/main/java/com/tw0far/potiongames/main/PotionGames.java:[1610,13] cannot find symbol
[ERROR]   symbol:   method tick()
[ERROR]   location: class com.tw0far.potiongames.main.PotionGames
[ERROR] /E:/Privat/Temp/PotionGames/src/main/java/com/tw0far/potiongames/main/PotionGames.java:[1769,25] cannot find symbol
[ERROR]   symbol:   method tickLobby(java.lang.String)
[ERROR]   location: class com.tw0far.potiongames.main.PotionGames
[ERROR] /E:/Privat/Temp/PotionGames/src/main/java/com/tw0far/potiongames/main/PotionGames.java:[1868,17] cannot find symbol
[ERROR]   symbol:   method onLeaveLobby(org.bukkit.entity.Player,java.lang.String)
[ERROR]   location: class com.tw0far.potiongames.main.PotionGames
[ERROR] /E:/Privat/Temp/PotionGames/src/main/java/com/tw0far/potiongames/main/PotionGames.java:[1872,17] cannot find symbol
[ERROR]   symbol:   method onLeaveLobby(org.bukkit.entity.Player,java.lang.String)
[ERROR]   location: class com.tw0far.potiongames.main.PotionGames
[ERROR] /E:/Privat/Temp/PotionGames/src/main/java/com/tw0far/potiongames/main/PotionGames.java:[2207,13] cannot find symbol
[ERROR]   symbol:   method joinChannel(org.bukkit.entity.Player,java.lang.String)
[ERROR]   location: class com.tw0far.potiongames.main.PotionGames
[ERROR] /E:/Privat/Temp/PotionGames/src/main/java/com/tw0far/potiongames/main/PotionGames.java:[2225,13] cannot find symbol
[ERROR]   symbol:   method clearEffects(org.bukkit.entity.Player)
[ERROR]   location: class com.tw0far.potiongames.main.PotionGames
[ERROR] /E:/Privat/Temp/PotionGames/src/main/java/com/tw0far/potiongames/main/PotionGames.java:[2235,21] cannot find symbol
[ERROR]   symbol:   method tick()
[ERROR]   location: class com.tw0far.potiongames.main.PotionGames
[ERROR] /E:/Privat/Temp/PotionGames/src/main/java/com/tw0far/potiongames/main/PotionGames.java:[2311,9] cannot find symbol
[ERROR]   symbol:   method joinChannel(org.bukkit.entity.Player,java.lang.String)
[ERROR]   location: class com.tw0far.potiongames.main.PotionGames
[ERROR] /E:/Privat/Temp/PotionGames/src/main/java/com/tw0far/potiongames/main/PotionGames.java:[2953,22] cannot find symbol
[ERROR]   symbol:   method addPlacedBlock(org.bukkit.Location,java.lang.Object)
[ERROR]   location: variable lobby of type com.tw0far.potiongames.models.Lobby
[ERROR] /E:/Privat/Temp/PotionGames/src/main/java/com/tw0far/potiongames/commands/SetupCommand.java:[57,19] cannot find symbol
[ERROR]   symbol:   method clearEffects(org.bukkit.entity.Player)
[ERROR]   location: variable plugin of type com.tw0far.potiongames.main.PotionGames
[ERROR] /E:/Privat/Temp/PotionGames/src/main/java/com/tw0far/potiongames/handlers/SetupHandler.java:[151,32] method addSpawn in class com.tw0far.potiongames.models.Arena cannot be applied to given types;
[ERROR]   required: org.bukkit.Location
[ERROR]   found:    int,org.bukkit.Location
[ERROR]   reason: actual and formal argument lists differ in length
[ERROR] /E:/Privat/Temp/PotionGames/src/main/java/com/tw0far/potiongames/handlers/SetupHandler.java:[203,32] method addDeathmatchSpawn in class com.tw0far.potiongames.models.Arena cannot be applied to given types;
[ERROR]   required: org.bukkit.Location
[ERROR]   found:    int,org.bukkit.Location
[ERROR]   reason: actual and formal argument lists differ in length
[ERROR] /E:/Privat/Temp/PotionGames/src/main/java/com/tw0far/potiongames/listeners/InventoryEventListener.java:[269,23] cannot find symbol
[ERROR]   symbol:   method onJoinLobby(org.bukkit.entity.Player,java.lang.String)
[ERROR]   location: variable plugin of type com.tw0far.potiongames.main.PotionGames
[ERROR] /E:/Privat/Temp/PotionGames/src/main/java/com/tw0far/potiongames/listeners/InventoryEventListener.java:[308,47] cannot find symbol
[ERROR]   symbol:   method chestData()
[ERROR]   location: variable plugin of type com.tw0far.potiongames.main.PotionGames
[ERROR] /E:/Privat/Temp/PotionGames/src/main/java/com/tw0far/potiongames/listeners/InventoryEventListener.java:[561,43] cannot find symbol
[ERROR]   symbol:   method clearEffects(org.bukkit.entity.Player)
[ERROR]   location: variable plugin of type com.tw0far.potiongames.main.PotionGames
[ERROR] /E:/Privat/Temp/PotionGames/src/main/java/com/tw0far/potiongames/listeners/InventoryEventListener.java:[714,35] cannot find symbol
[ERROR]   symbol:   method onLeaveLobby(org.bukkit.entity.Player,java.lang.String)
[ERROR]   location: variable plugin of type com.tw0far.potiongames.main.PotionGames
[ERROR] /E:/Privat/Temp/PotionGames/src/main/java/com/tw0far/potiongames/listeners/InventoryEventListener.java:[956,43] cannot find symbol
[ERROR]   symbol:   method onJoinLobby(org.bukkit.entity.Player,java.lang.String)
[ERROR]   location: variable plugin of type com.tw0far.potiongames.main.PotionGames
[ERROR] /E:/Privat/Temp/PotionGames/src/main/java/com/tw0far/potiongames/listeners/PlayerEventListener.java:[31,15] cannot find symbol
[ERROR]   symbol:   method joinChannel(org.bukkit.entity.Player,java.lang.String)
[ERROR]   location: variable plugin of type com.tw0far.potiongames.main.PotionGames
[ERROR] /E:/Privat/Temp/PotionGames/src/main/java/com/tw0far/potiongames/listeners/PlayerEventListener.java:[70,23] cannot find symbol
[ERROR]   symbol:   method onLeaveLobby(org.bukkit.entity.Player,java.lang.String)
[ERROR]   location: variable plugin of type com.tw0far.potiongames.main.PotionGames
[ERROR] -> [Help 1]
[ERROR] 
[ERROR] To see the full stack trace of the errors, re-run Maven with the -e switch.
[ERROR] Re-run Maven using the -X switch to enable full debug logging.
[ERROR] 
[ERROR] For more information about the errors and possible solutions, please read the following articles:
[ERROR] [Help 1] http://cwiki.apache.org/confluence/display/MAVEN/MojoFailureException
