WARNING: A terminally deprecated method in sun.misc.Unsafe has been called
WARNING: sun.misc.Unsafe::staticFieldBase has been called by com.google.inject.internal.aop.HiddenClassDefiner (file:/C:/Program%20Files/Apache/apache-maven-3.9.11/lib/guice-5.1.0-classes.jar)
WARNING: Please consider reporting this to the maintainers of class com.google.inject.internal.aop.HiddenClassDefiner
WARNING: sun.misc.Unsafe::staticFieldBase will be removed in a future release
[ERROR] COMPILATION ERROR : 
[ERROR] /E:/Privat/Temp/PotionGames/src/main/java/com/tw0far/potiongames/main/PotionGames.java:[3259,63] <identifier> expected
[ERROR] /E:/Privat/Temp/PotionGames/src/main/java/com/tw0far/potiongames/main/PotionGames.java:[3259,72] <identifier> expected
[ERROR] /E:/Privat/Temp/PotionGames/src/main/java/com/tw0far/potiongames/main/PotionGames.java:[3260,63] <identifier> expected
[ERROR] /E:/Privat/Temp/PotionGames/src/main/java/com/tw0far/potiongames/main/PotionGames.java:[3260,72] <identifier> expected
[ERROR] /E:/Privat/Temp/PotionGames/src/main/java/com/tw0far/potiongames/main/PotionGames.java:[3261,63] <identifier> expected
[ERROR] /E:/Privat/Temp/PotionGames/src/main/java/com/tw0far/potiongames/main/PotionGames.java:[3261,72] <identifier> expected
[ERROR] /E:/Privat/Temp/PotionGames/src/main/java/com/tw0far/potiongames/main/PotionGames.java:[3262,63] <identifier> expected
[ERROR] /E:/Privat/Temp/PotionGames/src/main/java/com/tw0far/potiongames/main/PotionGames.java:[3262,72] <identifier> expected
[ERROR] /E:/Privat/Temp/PotionGames/src/main/java/com/tw0far/potiongames/main/PotionGames.java:[3263,63] <identifier> expected
[ERROR] /E:/Privat/Temp/PotionGames/src/main/java/com/tw0far/potiongames/main/PotionGames.java:[3263,72] <identifier> expected
[ERROR] /E:/Privat/Temp/PotionGames/src/main/java/com/tw0far/potiongames/main/PotionGames.java:[3264,63] <identifier> expected
[ERROR] /E:/Privat/Temp/PotionGames/src/main/java/com/tw0far/potiongames/main/PotionGames.java:[3264,72] <identifier> expected
[ERROR] /E:/Privat/Temp/PotionGames/src/main/java/com/tw0far/potiongames/main/PotionGames.java:[3265,63] <identifier> expected
[ERROR] /E:/Privat/Temp/PotionGames/src/main/java/com/tw0far/potiongames/main/PotionGames.java:[3265,72] <identifier> expected
[ERROR] /E:/Privat/Temp/PotionGames/src/main/java/com/tw0far/potiongames/main/PotionGames.java:[3266,63] <identifier> expected
[ERROR] /E:/Privat/Temp/PotionGames/src/main/java/com/tw0far/potiongames/main/PotionGames.java:[3266,72] <identifier> expected
[ERROR] /E:/Privat/Temp/PotionGames/src/main/java/com/tw0far/potiongames/main/PotionGames.java:[3267,63] <identifier> expected
[ERROR] /E:/Privat/Temp/PotionGames/src/main/java/com/tw0far/potiongames/main/PotionGames.java:[3267,72] <identifier> expected
[ERROR] /E:/Privat/Temp/PotionGames/src/main/java/com/tw0far/potiongames/main/PotionGames.java:[3268,63] <identifier> expected
[ERROR] /E:/Privat/Temp/PotionGames/src/main/java/com/tw0far/potiongames/main/PotionGames.java:[3268,72] <identifier> expected
[ERROR] /E:/Privat/Temp/PotionGames/src/main/java/com/tw0far/potiongames/main/PotionGames.java:[3269,63] <identifier> expected
[ERROR] /E:/Privat/Temp/PotionGames/src/main/java/com/tw0far/potiongames/main/PotionGames.java:[3269,72] <identifier> expected
[ERROR] /E:/Privat/Temp/PotionGames/src/main/java/com/tw0far/potiongames/main/PotionGames.java:[3272,29] class, interface, enum, or record expected
[ERROR] /E:/Privat/Temp/PotionGames/src/main/java/com/tw0far/potiongames/main/PotionGames.java:[3275,33] as of release 1.4, 'assert' is a keyword, and may not be used as an identifier
[ERROR] /E:/Privat/Temp/PotionGames/src/main/java/com/tw0far/potiongames/main/PotionGames.java:[3278,33] class, interface, enum, or record expected
[ERROR] /E:/Privat/Temp/PotionGames/src/main/java/com/tw0far/potiongames/main/PotionGames.java:[3279,33] statements not expected outside of methods and initializers
[ERROR] /E:/Privat/Temp/PotionGames/src/main/java/com/tw0far/potiongames/main/PotionGames.java:[3284,33] statements not expected outside of methods and initializers
[ERROR] /E:/Privat/Temp/PotionGames/src/main/java/com/tw0far/potiongames/main/PotionGames.java:[3303,33] class, interface, enum, or record expected
[ERROR] /E:/Privat/Temp/PotionGames/src/main/java/com/tw0far/potiongames/main/PotionGames.java:[3304,33] statements not expected outside of methods and initializers
[ERROR] /E:/Privat/Temp/PotionGames/src/main/java/com/tw0far/potiongames/main/PotionGames.java:[3311,33] class, interface, enum, or record expected
[ERROR] /E:/Privat/Temp/PotionGames/src/main/java/com/tw0far/potiongames/main/PotionGames.java:[3312,29] class, interface, enum, or record expected
[ERROR] /E:/Privat/Temp/PotionGames/src/main/java/com/tw0far/potiongames/main/PotionGames.java:[3315,33] statements not expected outside of methods and initializers
[ERROR] /E:/Privat/Temp/PotionGames/src/main/java/com/tw0far/potiongames/main/PotionGames.java:[3334,29] class, interface, enum, or record expected
[ERROR] /E:/Privat/Temp/PotionGames/src/main/java/com/tw0far/potiongames/main/PotionGames.java:[3339,29] class, interface, enum, or record expected
[ERROR] /E:/Privat/Temp/PotionGames/src/main/java/com/tw0far/potiongames/main/PotionGames.java:[3341,29] class, interface, enum, or record expected
[ERROR] /E:/Privat/Temp/PotionGames/src/main/java/com/tw0far/potiongames/main/PotionGames.java:[3342,29] statements not expected outside of methods and initializers
[ERROR] /E:/Privat/Temp/PotionGames/src/main/java/com/tw0far/potiongames/main/PotionGames.java:[3351,29] class, interface, enum, or record expected
[ERROR] /E:/Privat/Temp/PotionGames/src/main/java/com/tw0far/potiongames/main/PotionGames.java:[3352,29] statements not expected outside of methods and initializers
[ERROR] /E:/Privat/Temp/PotionGames/src/main/java/com/tw0far/potiongames/main/PotionGames.java:[3376,25] class, interface, enum, or record expected
[ERROR] /E:/Privat/Temp/PotionGames/src/main/java/com/tw0far/potiongames/main/PotionGames.java:[3380,33] as of release 1.4, 'assert' is a keyword, and may not be used as an identifier
[ERROR] /E:/Privat/Temp/PotionGames/src/main/java/com/tw0far/potiongames/main/PotionGames.java:[3383,33] class, interface, enum, or record expected
[ERROR] /E:/Privat/Temp/PotionGames/src/main/java/com/tw0far/potiongames/main/PotionGames.java:[3384,33] statements not expected outside of methods and initializers
[ERROR] /E:/Privat/Temp/PotionGames/src/main/java/com/tw0far/potiongames/main/PotionGames.java:[3389,33] statements not expected outside of methods and initializers
[ERROR] /E:/Privat/Temp/PotionGames/src/main/java/com/tw0far/potiongames/main/PotionGames.java:[3408,33] class, interface, enum, or record expected
[ERROR] /E:/Privat/Temp/PotionGames/src/main/java/com/tw0far/potiongames/main/PotionGames.java:[3409,33] statements not expected outside of methods and initializers
[ERROR] /E:/Privat/Temp/PotionGames/src/main/java/com/tw0far/potiongames/main/PotionGames.java:[3416,33] class, interface, enum, or record expected
[ERROR] /E:/Privat/Temp/PotionGames/src/main/java/com/tw0far/potiongames/main/PotionGames.java:[3417,29] class, interface, enum, or record expected
[ERROR] /E:/Privat/Temp/PotionGames/src/main/java/com/tw0far/potiongames/main/PotionGames.java:[3423,33] class, interface, enum, or record expected
[ERROR] /E:/Privat/Temp/PotionGames/src/main/java/com/tw0far/potiongames/main/PotionGames.java:[3428,45] class, interface, enum, or record expected
[ERROR] /E:/Privat/Temp/PotionGames/src/main/java/com/tw0far/potiongames/main/PotionGames.java:[3430,37] class, interface, enum, or record expected
[ERROR] /E:/Privat/Temp/PotionGames/src/main/java/com/tw0far/potiongames/main/PotionGames.java:[3432,33] class, interface, enum, or record expected
[ERROR] /E:/Privat/Temp/PotionGames/src/main/java/com/tw0far/potiongames/main/PotionGames.java:[3438,37] class, interface, enum, or record expected
[ERROR] /E:/Privat/Temp/PotionGames/src/main/java/com/tw0far/potiongames/main/PotionGames.java:[3445,37] class, interface, enum, or record expected
[ERROR] /E:/Privat/Temp/PotionGames/src/main/java/com/tw0far/potiongames/main/PotionGames.java:[3447,37] class, interface, enum, or record expected
[ERROR] /E:/Privat/Temp/PotionGames/src/main/java/com/tw0far/potiongames/main/PotionGames.java:[3448,37] class, interface, enum, or record expected
[ERROR] /E:/Privat/Temp/PotionGames/src/main/java/com/tw0far/potiongames/main/PotionGames.java:[3449,37] class, interface, enum, or record expected
[ERROR] /E:/Privat/Temp/PotionGames/src/main/java/com/tw0far/potiongames/main/PotionGames.java:[3450,33] class, interface, enum, or record expected
[ERROR] /E:/Privat/Temp/PotionGames/src/main/java/com/tw0far/potiongames/main/PotionGames.java:[3452,29] class, interface, enum, or record expected
[ERROR] /E:/Privat/Temp/PotionGames/src/main/java/com/tw0far/potiongames/main/PotionGames.java:[3454,29] class, interface, enum, or record expected
[ERROR] /E:/Privat/Temp/PotionGames/src/main/java/com/tw0far/potiongames/main/PotionGames.java:[3459,33] as of release 1.4, 'assert' is a keyword, and may not be used as an identifier
[ERROR] /E:/Privat/Temp/PotionGames/src/main/java/com/tw0far/potiongames/main/PotionGames.java:[3462,33] class, interface, enum, or record expected
[ERROR] /E:/Privat/Temp/PotionGames/src/main/java/com/tw0far/potiongames/main/PotionGames.java:[3463,33] statements not expected outside of methods and initializers
[ERROR] /E:/Privat/Temp/PotionGames/src/main/java/com/tw0far/potiongames/main/PotionGames.java:[3468,33] statements not expected outside of methods and initializers
[ERROR] /E:/Privat/Temp/PotionGames/src/main/java/com/tw0far/potiongames/main/PotionGames.java:[3473,33] class, interface, enum, or record expected
[ERROR] /E:/Privat/Temp/PotionGames/src/main/java/com/tw0far/potiongames/main/PotionGames.java:[3474,33] statements not expected outside of methods and initializers
[ERROR] /E:/Privat/Temp/PotionGames/src/main/java/com/tw0far/potiongames/main/PotionGames.java:[3481,33] class, interface, enum, or record expected
[ERROR] /E:/Privat/Temp/PotionGames/src/main/java/com/tw0far/potiongames/main/PotionGames.java:[3482,29] class, interface, enum, or record expected
[ERROR] /E:/Privat/Temp/PotionGames/src/main/java/com/tw0far/potiongames/main/PotionGames.java:[3484,53] class, interface, enum, or record expected
[ERROR] /E:/Privat/Temp/PotionGames/src/main/java/com/tw0far/potiongames/main/PotionGames.java:[3484,65] class, interface, enum, or record expected
[ERROR] /E:/Privat/Temp/PotionGames/src/main/java/com/tw0far/potiongames/main/PotionGames.java:[3487,41] as of release 1.4, 'assert' is a keyword, and may not be used as an identifier
[ERROR] /E:/Privat/Temp/PotionGames/src/main/java/com/tw0far/potiongames/main/PotionGames.java:[3488,41] class, interface, enum, or record expected
[ERROR] /E:/Privat/Temp/PotionGames/src/main/java/com/tw0far/potiongames/main/PotionGames.java:[3489,41] class, interface, enum, or record expected
[ERROR] /E:/Privat/Temp/PotionGames/src/main/java/com/tw0far/potiongames/main/PotionGames.java:[3490,41] statements not expected outside of methods and initializers
[ERROR] /E:/Privat/Temp/PotionGames/src/main/java/com/tw0far/potiongames/main/PotionGames.java:[3495,37] class, interface, enum, or record expected
[ERROR] /E:/Privat/Temp/PotionGames/src/main/java/com/tw0far/potiongames/main/PotionGames.java:[3499,29] statements not expected outside of methods and initializers
[ERROR] /E:/Privat/Temp/PotionGames/src/main/java/com/tw0far/potiongames/main/PotionGames.java:[3976,25] class, interface, enum, or record expected
[ERROR] /E:/Privat/Temp/PotionGames/src/main/java/com/tw0far/potiongames/main/PotionGames.java:[3981,37] statements not expected outside of methods and initializers
[ERROR] /E:/Privat/Temp/PotionGames/src/main/java/com/tw0far/potiongames/main/PotionGames.java:[3985,37] class, interface, enum, or record expected
[ERROR] /E:/Privat/Temp/PotionGames/src/main/java/com/tw0far/potiongames/main/PotionGames.java:[3986,37] class, interface, enum, or record expected
[ERROR] /E:/Privat/Temp/PotionGames/src/main/java/com/tw0far/potiongames/main/PotionGames.java:[3987,37] class, interface, enum, or record expected
[ERROR] /E:/Privat/Temp/PotionGames/src/main/java/com/tw0far/potiongames/main/PotionGames.java:[3988,37] class, interface, enum, or record expected
[ERROR] /E:/Privat/Temp/PotionGames/src/main/java/com/tw0far/potiongames/main/PotionGames.java:[3989,37] class, interface, enum, or record expected
[ERROR] /E:/Privat/Temp/PotionGames/src/main/java/com/tw0far/potiongames/main/PotionGames.java:[3990,37] class, interface, enum, or record expected
[ERROR] /E:/Privat/Temp/PotionGames/src/main/java/com/tw0far/potiongames/main/PotionGames.java:[3991,37] statements not expected outside of methods and initializers
[ERROR] /E:/Privat/Temp/PotionGames/src/main/java/com/tw0far/potiongames/main/PotionGames.java:[3999,37] statements not expected outside of methods and initializers
[ERROR] /E:/Privat/Temp/PotionGames/src/main/java/com/tw0far/potiongames/main/PotionGames.java:[4010,33] class, interface, enum, or record expected
[ERROR] /E:/Privat/Temp/PotionGames/src/main/java/com/tw0far/potiongames/main/PotionGames.java:[4012,33] class, interface, enum, or record expected
[ERROR] /E:/Privat/Temp/PotionGames/src/main/java/com/tw0far/potiongames/main/PotionGames.java:[4018,41] class, interface, enum, or record expected
[ERROR] /E:/Privat/Temp/PotionGames/src/main/java/com/tw0far/potiongames/main/PotionGames.java:[4019,41] class, interface, enum, or record expected
[ERROR] /E:/Privat/Temp/PotionGames/src/main/java/com/tw0far/potiongames/main/PotionGames.java:[4020,41] class, interface, enum, or record expected
[ERROR] /E:/Privat/Temp/PotionGames/src/main/java/com/tw0far/potiongames/main/PotionGames.java:[4021,41] class, interface, enum, or record expected
[ERROR] /E:/Privat/Temp/PotionGames/src/main/java/com/tw0far/potiongames/main/PotionGames.java:[4022,41] class, interface, enum, or record expected
[ERROR] /E:/Privat/Temp/PotionGames/src/main/java/com/tw0far/potiongames/main/PotionGames.java:[4023,41] class, interface, enum, or record expected
[ERROR] /E:/Privat/Temp/PotionGames/src/main/java/com/tw0far/potiongames/main/PotionGames.java:[4024,41] class, interface, enum, or record expected
[ERROR] /E:/Privat/Temp/PotionGames/src/main/java/com/tw0far/potiongames/main/PotionGames.java:[4026,33] class, interface, enum, or record expected
[ERROR] /E:/Privat/Temp/PotionGames/src/main/java/com/tw0far/potiongames/main/PotionGames.java:[4030,33] as of release 1.4, 'assert' is a keyword, and may not be used as an identifier
[ERROR] /E:/Privat/Temp/PotionGames/src/main/java/com/tw0far/potiongames/main/PotionGames.java:[4033,33] class, interface, enum, or record expected
[ERROR] /E:/Privat/Temp/PotionGames/src/main/java/com/tw0far/potiongames/main/PotionGames.java:[4034,33] statements not expected outside of methods and initializers
[ERROR] /E:/Privat/Temp/PotionGames/src/main/java/com/tw0far/potiongames/main/PotionGames.java:[4039,33] class, interface, enum, or record expected
[ERROR] /E:/Privat/Temp/PotionGames/src/main/java/com/tw0far/potiongames/main/PotionGames.java:[4040,33] class, interface, enum, or record expected
[ERROR] Failed to execute goal org.apache.maven.plugins:maven-compiler-plugin:3.13.0:compile (default-compile) on project PotionGamesX: Compilation failure: Compilation failure: 
[ERROR] /E:/Privat/Temp/PotionGames/src/main/java/com/tw0far/potiongames/main/PotionGames.java:[3259,63] <identifier> expected
[ERROR] /E:/Privat/Temp/PotionGames/src/main/java/com/tw0far/potiongames/main/PotionGames.java:[3259,72] <identifier> expected
[ERROR] /E:/Privat/Temp/PotionGames/src/main/java/com/tw0far/potiongames/main/PotionGames.java:[3260,63] <identifier> expected
[ERROR] /E:/Privat/Temp/PotionGames/src/main/java/com/tw0far/potiongames/main/PotionGames.java:[3260,72] <identifier> expected
[ERROR] /E:/Privat/Temp/PotionGames/src/main/java/com/tw0far/potiongames/main/PotionGames.java:[3261,63] <identifier> expected
[ERROR] /E:/Privat/Temp/PotionGames/src/main/java/com/tw0far/potiongames/main/PotionGames.java:[3261,72] <identifier> expected
[ERROR] /E:/Privat/Temp/PotionGames/src/main/java/com/tw0far/potiongames/main/PotionGames.java:[3262,63] <identifier> expected
[ERROR] /E:/Privat/Temp/PotionGames/src/main/java/com/tw0far/potiongames/main/PotionGames.java:[3262,72] <identifier> expected
[ERROR] /E:/Privat/Temp/PotionGames/src/main/java/com/tw0far/potiongames/main/PotionGames.java:[3263,63] <identifier> expected
[ERROR] /E:/Privat/Temp/PotionGames/src/main/java/com/tw0far/potiongames/main/PotionGames.java:[3263,72] <identifier> expected
[ERROR] /E:/Privat/Temp/PotionGames/src/main/java/com/tw0far/potiongames/main/PotionGames.java:[3264,63] <identifier> expected
[ERROR] /E:/Privat/Temp/PotionGames/src/main/java/com/tw0far/potiongames/main/PotionGames.java:[3264,72] <identifier> expected
[ERROR] /E:/Privat/Temp/PotionGames/src/main/java/com/tw0far/potiongames/main/PotionGames.java:[3265,63] <identifier> expected
[ERROR] /E:/Privat/Temp/PotionGames/src/main/java/com/tw0far/potiongames/main/PotionGames.java:[3265,72] <identifier> expected
[ERROR] /E:/Privat/Temp/PotionGames/src/main/java/com/tw0far/potiongames/main/PotionGames.java:[3266,63] <identifier> expected
[ERROR] /E:/Privat/Temp/PotionGames/src/main/java/com/tw0far/potiongames/main/PotionGames.java:[3266,72] <identifier> expected
[ERROR] /E:/Privat/Temp/PotionGames/src/main/java/com/tw0far/potiongames/main/PotionGames.java:[3267,63] <identifier> expected
[ERROR] /E:/Privat/Temp/PotionGames/src/main/java/com/tw0far/potiongames/main/PotionGames.java:[3267,72] <identifier> expected
[ERROR] /E:/Privat/Temp/PotionGames/src/main/java/com/tw0far/potiongames/main/PotionGames.java:[3268,63] <identifier> expected
[ERROR] /E:/Privat/Temp/PotionGames/src/main/java/com/tw0far/potiongames/main/PotionGames.java:[3268,72] <identifier> expected
[ERROR] /E:/Privat/Temp/PotionGames/src/main/java/com/tw0far/potiongames/main/PotionGames.java:[3269,63] <identifier> expected
[ERROR] /E:/Privat/Temp/PotionGames/src/main/java/com/tw0far/potiongames/main/PotionGames.java:[3269,72] <identifier> expected
[ERROR] /E:/Privat/Temp/PotionGames/src/main/java/com/tw0far/potiongames/main/PotionGames.java:[3272,29] class, interface, enum, or record expected
[ERROR] /E:/Privat/Temp/PotionGames/src/main/java/com/tw0far/potiongames/main/PotionGames.java:[3275,33] as of release 1.4, 'assert' is a keyword, and may not be used as an identifier
[ERROR] /E:/Privat/Temp/PotionGames/src/main/java/com/tw0far/potiongames/main/PotionGames.java:[3278,33] class, interface, enum, or record expected
[ERROR] /E:/Privat/Temp/PotionGames/src/main/java/com/tw0far/potiongames/main/PotionGames.java:[3279,33] statements not expected outside of methods and initializers
[ERROR] /E:/Privat/Temp/PotionGames/src/main/java/com/tw0far/potiongames/main/PotionGames.java:[3284,33] statements not expected outside of methods and initializers
[ERROR] /E:/Privat/Temp/PotionGames/src/main/java/com/tw0far/potiongames/main/PotionGames.java:[3303,33] class, interface, enum, or record expected
[ERROR] /E:/Privat/Temp/PotionGames/src/main/java/com/tw0far/potiongames/main/PotionGames.java:[3304,33] statements not expected outside of methods and initializers
[ERROR] /E:/Privat/Temp/PotionGames/src/main/java/com/tw0far/potiongames/main/PotionGames.java:[3311,33] class, interface, enum, or record expected
[ERROR] /E:/Privat/Temp/PotionGames/src/main/java/com/tw0far/potiongames/main/PotionGames.java:[3312,29] class, interface, enum, or record expected
[ERROR] /E:/Privat/Temp/PotionGames/src/main/java/com/tw0far/potiongames/main/PotionGames.java:[3315,33] statements not expected outside of methods and initializers
[ERROR] /E:/Privat/Temp/PotionGames/src/main/java/com/tw0far/potiongames/main/PotionGames.java:[3334,29] class, interface, enum, or record expected
[ERROR] /E:/Privat/Temp/PotionGames/src/main/java/com/tw0far/potiongames/main/PotionGames.java:[3339,29] class, interface, enum, or record expected
[ERROR] /E:/Privat/Temp/PotionGames/src/main/java/com/tw0far/potiongames/main/PotionGames.java:[3341,29] class, interface, enum, or record expected
[ERROR] /E:/Privat/Temp/PotionGames/src/main/java/com/tw0far/potiongames/main/PotionGames.java:[3342,29] statements not expected outside of methods and initializers
[ERROR] /E:/Privat/Temp/PotionGames/src/main/java/com/tw0far/potiongames/main/PotionGames.java:[3351,29] class, interface, enum, or record expected
[ERROR] /E:/Privat/Temp/PotionGames/src/main/java/com/tw0far/potiongames/main/PotionGames.java:[3352,29] statements not expected outside of methods and initializers
[ERROR] /E:/Privat/Temp/PotionGames/src/main/java/com/tw0far/potiongames/main/PotionGames.java:[3376,25] class, interface, enum, or record expected
[ERROR] /E:/Privat/Temp/PotionGames/src/main/java/com/tw0far/potiongames/main/PotionGames.java:[3380,33] as of release 1.4, 'assert' is a keyword, and may not be used as an identifier
[ERROR] /E:/Privat/Temp/PotionGames/src/main/java/com/tw0far/potiongames/main/PotionGames.java:[3383,33] class, interface, enum, or record expected
[ERROR] /E:/Privat/Temp/PotionGames/src/main/java/com/tw0far/potiongames/main/PotionGames.java:[3384,33] statements not expected outside of methods and initializers
[ERROR] /E:/Privat/Temp/PotionGames/src/main/java/com/tw0far/potiongames/main/PotionGames.java:[3389,33] statements not expected outside of methods and initializers
[ERROR] /E:/Privat/Temp/PotionGames/src/main/java/com/tw0far/potiongames/main/PotionGames.java:[3408,33] class, interface, enum, or record expected
[ERROR] /E:/Privat/Temp/PotionGames/src/main/java/com/tw0far/potiongames/main/PotionGames.java:[3409,33] statements not expected outside of methods and initializers
[ERROR] /E:/Privat/Temp/PotionGames/src/main/java/com/tw0far/potiongames/main/PotionGames.java:[3416,33] class, interface, enum, or record expected
[ERROR] /E:/Privat/Temp/PotionGames/src/main/java/com/tw0far/potiongames/main/PotionGames.java:[3417,29] class, interface, enum, or record expected
[ERROR] /E:/Privat/Temp/PotionGames/src/main/java/com/tw0far/potiongames/main/PotionGames.java:[3423,33] class, interface, enum, or record expected
[ERROR] /E:/Privat/Temp/PotionGames/src/main/java/com/tw0far/potiongames/main/PotionGames.java:[3428,45] class, interface, enum, or record expected
[ERROR] /E:/Privat/Temp/PotionGames/src/main/java/com/tw0far/potiongames/main/PotionGames.java:[3430,37] class, interface, enum, or record expected
[ERROR] /E:/Privat/Temp/PotionGames/src/main/java/com/tw0far/potiongames/main/PotionGames.java:[3432,33] class, interface, enum, or record expected
[ERROR] /E:/Privat/Temp/PotionGames/src/main/java/com/tw0far/potiongames/main/PotionGames.java:[3438,37] class, interface, enum, or record expected
[ERROR] /E:/Privat/Temp/PotionGames/src/main/java/com/tw0far/potiongames/main/PotionGames.java:[3445,37] class, interface, enum, or record expected
[ERROR] /E:/Privat/Temp/PotionGames/src/main/java/com/tw0far/potiongames/main/PotionGames.java:[3447,37] class, interface, enum, or record expected
[ERROR] /E:/Privat/Temp/PotionGames/src/main/java/com/tw0far/potiongames/main/PotionGames.java:[3448,37] class, interface, enum, or record expected
[ERROR] /E:/Privat/Temp/PotionGames/src/main/java/com/tw0far/potiongames/main/PotionGames.java:[3449,37] class, interface, enum, or record expected
[ERROR] /E:/Privat/Temp/PotionGames/src/main/java/com/tw0far/potiongames/main/PotionGames.java:[3450,33] class, interface, enum, or record expected
[ERROR] /E:/Privat/Temp/PotionGames/src/main/java/com/tw0far/potiongames/main/PotionGames.java:[3452,29] class, interface, enum, or record expected
[ERROR] /E:/Privat/Temp/PotionGames/src/main/java/com/tw0far/potiongames/main/PotionGames.java:[3454,29] class, interface, enum, or record expected
[ERROR] /E:/Privat/Temp/PotionGames/src/main/java/com/tw0far/potiongames/main/PotionGames.java:[3459,33] as of release 1.4, 'assert' is a keyword, and may not be used as an identifier
[ERROR] /E:/Privat/Temp/PotionGames/src/main/java/com/tw0far/potiongames/main/PotionGames.java:[3462,33] class, interface, enum, or record expected
[ERROR] /E:/Privat/Temp/PotionGames/src/main/java/com/tw0far/potiongames/main/PotionGames.java:[3463,33] statements not expected outside of methods and initializers
[ERROR] /E:/Privat/Temp/PotionGames/src/main/java/com/tw0far/potiongames/main/PotionGames.java:[3468,33] statements not expected outside of methods and initializers
[ERROR] /E:/Privat/Temp/PotionGames/src/main/java/com/tw0far/potiongames/main/PotionGames.java:[3473,33] class, interface, enum, or record expected
[ERROR] /E:/Privat/Temp/PotionGames/src/main/java/com/tw0far/potiongames/main/PotionGames.java:[3474,33] statements not expected outside of methods and initializers
[ERROR] /E:/Privat/Temp/PotionGames/src/main/java/com/tw0far/potiongames/main/PotionGames.java:[3481,33] class, interface, enum, or record expected
[ERROR] /E:/Privat/Temp/PotionGames/src/main/java/com/tw0far/potiongames/main/PotionGames.java:[3482,29] class, interface, enum, or record expected
[ERROR] /E:/Privat/Temp/PotionGames/src/main/java/com/tw0far/potiongames/main/PotionGames.java:[3484,53] class, interface, enum, or record expected
[ERROR] /E:/Privat/Temp/PotionGames/src/main/java/com/tw0far/potiongames/main/PotionGames.java:[3484,65] class, interface, enum, or record expected
[ERROR] /E:/Privat/Temp/PotionGames/src/main/java/com/tw0far/potiongames/main/PotionGames.java:[3487,41] as of release 1.4, 'assert' is a keyword, and may not be used as an identifier
[ERROR] /E:/Privat/Temp/PotionGames/src/main/java/com/tw0far/potiongames/main/PotionGames.java:[3488,41] class, interface, enum, or record expected
[ERROR] /E:/Privat/Temp/PotionGames/src/main/java/com/tw0far/potiongames/main/PotionGames.java:[3489,41] class, interface, enum, or record expected
[ERROR] /E:/Privat/Temp/PotionGames/src/main/java/com/tw0far/potiongames/main/PotionGames.java:[3490,41] statements not expected outside of methods and initializers
[ERROR] /E:/Privat/Temp/PotionGames/src/main/java/com/tw0far/potiongames/main/PotionGames.java:[3495,37] class, interface, enum, or record expected
[ERROR] /E:/Privat/Temp/PotionGames/src/main/java/com/tw0far/potiongames/main/PotionGames.java:[3499,29] statements not expected outside of methods and initializers
[ERROR] /E:/Privat/Temp/PotionGames/src/main/java/com/tw0far/potiongames/main/PotionGames.java:[3976,25] class, interface, enum, or record expected
[ERROR] /E:/Privat/Temp/PotionGames/src/main/java/com/tw0far/potiongames/main/PotionGames.java:[3981,37] statements not expected outside of methods and initializers
[ERROR] /E:/Privat/Temp/PotionGames/src/main/java/com/tw0far/potiongames/main/PotionGames.java:[3985,37] class, interface, enum, or record expected
[ERROR] /E:/Privat/Temp/PotionGames/src/main/java/com/tw0far/potiongames/main/PotionGames.java:[3986,37] class, interface, enum, or record expected
[ERROR] /E:/Privat/Temp/PotionGames/src/main/java/com/tw0far/potiongames/main/PotionGames.java:[3987,37] class, interface, enum, or record expected
[ERROR] /E:/Privat/Temp/PotionGames/src/main/java/com/tw0far/potiongames/main/PotionGames.java:[3988,37] class, interface, enum, or record expected
[ERROR] /E:/Privat/Temp/PotionGames/src/main/java/com/tw0far/potiongames/main/PotionGames.java:[3989,37] class, interface, enum, or record expected
[ERROR] /E:/Privat/Temp/PotionGames/src/main/java/com/tw0far/potiongames/main/PotionGames.java:[3990,37] class, interface, enum, or record expected
[ERROR] /E:/Privat/Temp/PotionGames/src/main/java/com/tw0far/potiongames/main/PotionGames.java:[3991,37] statements not expected outside of methods and initializers
[ERROR] /E:/Privat/Temp/PotionGames/src/main/java/com/tw0far/potiongames/main/PotionGames.java:[3999,37] statements not expected outside of methods and initializers
[ERROR] /E:/Privat/Temp/PotionGames/src/main/java/com/tw0far/potiongames/main/PotionGames.java:[4010,33] class, interface, enum, or record expected
[ERROR] /E:/Privat/Temp/PotionGames/src/main/java/com/tw0far/potiongames/main/PotionGames.java:[4012,33] class, interface, enum, or record expected
[ERROR] /E:/Privat/Temp/PotionGames/src/main/java/com/tw0far/potiongames/main/PotionGames.java:[4018,41] class, interface, enum, or record expected
[ERROR] /E:/Privat/Temp/PotionGames/src/main/java/com/tw0far/potiongames/main/PotionGames.java:[4019,41] class, interface, enum, or record expected
[ERROR] /E:/Privat/Temp/PotionGames/src/main/java/com/tw0far/potiongames/main/PotionGames.java:[4020,41] class, interface, enum, or record expected
[ERROR] /E:/Privat/Temp/PotionGames/src/main/java/com/tw0far/potiongames/main/PotionGames.java:[4021,41] class, interface, enum, or record expected
[ERROR] /E:/Privat/Temp/PotionGames/src/main/java/com/tw0far/potiongames/main/PotionGames.java:[4022,41] class, interface, enum, or record expected
[ERROR] /E:/Privat/Temp/PotionGames/src/main/java/com/tw0far/potiongames/main/PotionGames.java:[4023,41] class, interface, enum, or record expected
[ERROR] /E:/Privat/Temp/PotionGames/src/main/java/com/tw0far/potiongames/main/PotionGames.java:[4024,41] class, interface, enum, or record expected
[ERROR] /E:/Privat/Temp/PotionGames/src/main/java/com/tw0far/potiongames/main/PotionGames.java:[4026,33] class, interface, enum, or record expected
[ERROR] /E:/Privat/Temp/PotionGames/src/main/java/com/tw0far/potiongames/main/PotionGames.java:[4030,33] as of release 1.4, 'assert' is a keyword, and may not be used as an identifier
[ERROR] /E:/Privat/Temp/PotionGames/src/main/java/com/tw0far/potiongames/main/PotionGames.java:[4033,33] class, interface, enum, or record expected
[ERROR] /E:/Privat/Temp/PotionGames/src/main/java/com/tw0far/potiongames/main/PotionGames.java:[4034,33] statements not expected outside of methods and initializers
[ERROR] /E:/Privat/Temp/PotionGames/src/main/java/com/tw0far/potiongames/main/PotionGames.java:[4039,33] class, interface, enum, or record expected
[ERROR] /E:/Privat/Temp/PotionGames/src/main/java/com/tw0far/potiongames/main/PotionGames.java:[4040,33] class, interface, enum, or record expected
[ERROR] -> [Help 1]
[ERROR] 
[ERROR] To see the full stack trace of the errors, re-run Maven with the -e switch.
[ERROR] Re-run Maven using the -X switch to enable full debug logging.
[ERROR] 
[ERROR] For more information about the errors and possible solutions, please read the following articles:
[ERROR] [Help 1] http://cwiki.apache.org/confluence/display/MAVEN/MojoFailureException
