WARNING: A terminally deprecated method in sun.misc.Unsafe has been called
WARNING: sun.misc.Unsafe::staticFieldBase has been called by com.google.inject.internal.aop.HiddenClassDefiner (file:/C:/Program%20Files/Apache/apache-maven-3.9.11/lib/guice-5.1.0-classes.jar)
WARNING: Please consider reporting this to the maintainers of class com.google.inject.internal.aop.HiddenClassDefiner
WARNING: sun.misc.Unsafe::staticFieldBase will be removed in a future release
[INFO] Scanning for projects...
[INFO] 
[INFO] ----------------< com.tw0far.potiongames:PotionGamesX >-----------------
[INFO] Building PotionGamesX 1.0
[INFO]   from pom.xml
[INFO] --------------------------------[ jar ]---------------------------------
[INFO] 
[INFO] --- clean:3.2.0:clean (default-clean) @ PotionGamesX ---
[INFO] Deleting E:\Privat\Temp\PotionGames\target
[INFO] 
[INFO] --- resources:3.3.1:resources (default-resources) @ PotionGamesX ---
[INFO] Copying 2 resources from src\main\resources to target\classes
[INFO] 
[INFO] --- compiler:3.13.0:compile (default-compile) @ PotionGamesX ---
[INFO] Recompiling the module because of changed source code.
[INFO] Compiling 67 source files with javac [debug target 23] to target\classes
[INFO] /E:/Privat/Temp/PotionGames/src/main/java/com/tw0far/potiongames/main/PotionGames.java: Some input files use or override a deprecated API.
[INFO] /E:/Privat/Temp/PotionGames/src/main/java/com/tw0far/potiongames/main/PotionGames.java: Recompile with -Xlint:deprecation for details.
[INFO] -------------------------------------------------------------
[WARNING] COMPILATION WARNING : 
[INFO] -------------------------------------------------------------
[WARNING] location of system modules is not set in conjunction with -source 23
  not setting the location of system modules may lead to class files that cannot run on JDK 23
    --release 23 is recommended instead of -source 23 -target 23 because it sets the location of system modules automatically
[WARNING] /E:/Privat/Temp/PotionGames/src/main/java/com/tw0far/potiongames/main/PotionGames.java:[2103,75] DO_DAYLIGHT_CYCLE in org.bukkit.GameRule has been deprecated and marked for removal
[WARNING] /E:/Privat/Temp/PotionGames/src/main/java/com/tw0far/potiongames/main/PotionGames.java:[2104,75] DO_WEATHER_CYCLE in org.bukkit.GameRule has been deprecated and marked for removal
[WARNING] /E:/Privat/Temp/PotionGames/src/main/java/com/tw0far/potiongames/main/PotionGames.java:[2105,75] ANNOUNCE_ADVANCEMENTS in org.bukkit.GameRule has been deprecated and marked for removal
[WARNING] /E:/Privat/Temp/PotionGames/src/main/java/com/tw0far/potiongames/main/PotionGames.java:[2106,75] DO_FIRE_TICK in org.bukkit.GameRule has been deprecated and marked for removal
[WARNING] /E:/Privat/Temp/PotionGames/src/main/java/com/tw0far/potiongames/main/PotionGames.java:[2107,75] DO_MOB_SPAWNING in org.bukkit.GameRule has been deprecated and marked for removal
[WARNING] /E:/Privat/Temp/PotionGames/src/main/java/com/tw0far/potiongames/main/PotionGames.java:[2108,75] MOB_GRIEFING in org.bukkit.GameRule has been deprecated and marked for removal
[WARNING] /E:/Privat/Temp/PotionGames/src/main/java/com/tw0far/potiongames/main/PotionGames.java:[2109,75] DO_IMMEDIATE_RESPAWN in org.bukkit.GameRule has been deprecated and marked for removal
[WARNING] /E:/Privat/Temp/PotionGames/src/main/java/com/tw0far/potiongames/main/PotionGames.java:[2177,158] PVP in org.bukkit.GameRule has been deprecated and marked for removal
[WARNING] /E:/Privat/Temp/PotionGames/src/main/java/com/tw0far/potiongames/main/PotionGames.java:[2181,162] FALL_DAMAGE in org.bukkit.GameRule has been deprecated and marked for removal
[WARNING] /E:/Privat/Temp/PotionGames/src/main/java/com/tw0far/potiongames/main/PotionGames.java:[2357,107] PVP in org.bukkit.GameRule has been deprecated and marked for removal
[WARNING] /E:/Privat/Temp/PotionGames/src/main/java/com/tw0far/potiongames/main/PotionGames.java:[2361,111] FALL_DAMAGE in org.bukkit.GameRule has been deprecated and marked for removal
[WARNING] /E:/Privat/Temp/PotionGames/src/main/java/com/tw0far/potiongames/main/PotionGames.java:[2402,111] PVP in org.bukkit.GameRule has been deprecated and marked for removal
[WARNING] /E:/Privat/Temp/PotionGames/src/main/java/com/tw0far/potiongames/main/PotionGames.java:[2406,115] FALL_DAMAGE in org.bukkit.GameRule has been deprecated and marked for removal
[WARNING] /E:/Privat/Temp/PotionGames/src/main/java/com/tw0far/potiongames/main/PotionGames.java:[2652,119] PVP in org.bukkit.GameRule has been deprecated and marked for removal
[WARNING] /E:/Privat/Temp/PotionGames/src/main/java/com/tw0far/potiongames/main/PotionGames.java:[2656,123] FALL_DAMAGE in org.bukkit.GameRule has been deprecated and marked for removal
[WARNING] /E:/Privat/Temp/PotionGames/src/main/java/com/tw0far/potiongames/main/PotionGames.java:[2685,119] PVP in org.bukkit.GameRule has been deprecated and marked for removal
[WARNING] /E:/Privat/Temp/PotionGames/src/main/java/com/tw0far/potiongames/main/PotionGames.java:[2689,123] FALL_DAMAGE in org.bukkit.GameRule has been deprecated and marked for removal
[WARNING] /E:/Privat/Temp/PotionGames/src/main/java/com/tw0far/potiongames/main/PotionGames.java:[2858,158] PVP in org.bukkit.GameRule has been deprecated and marked for removal
[WARNING] /E:/Privat/Temp/PotionGames/src/main/java/com/tw0far/potiongames/main/PotionGames.java:[2862,162] FALL_DAMAGE in org.bukkit.GameRule has been deprecated and marked for removal
[WARNING] /E:/Privat/Temp/PotionGames/src/main/java/com/tw0far/potiongames/main/PotionGames.java:[3415,177] PVP in org.bukkit.GameRule has been deprecated and marked for removal
[WARNING] /E:/Privat/Temp/PotionGames/src/main/java/com/tw0far/potiongames/main/PotionGames.java:[3419,181] FALL_DAMAGE in org.bukkit.GameRule has been deprecated and marked for removal
[WARNING] /E:/Privat/Temp/PotionGames/src/main/java/com/tw0far/potiongames/main/PotionGames.java:[3560,107] PVP in org.bukkit.GameRule has been deprecated and marked for removal
[WARNING] /E:/Privat/Temp/PotionGames/src/main/java/com/tw0far/potiongames/main/PotionGames.java:[3564,111] FALL_DAMAGE in org.bukkit.GameRule has been deprecated and marked for removal
[WARNING] /E:/Privat/Temp/PotionGames/src/main/java/com/tw0far/potiongames/main/PotionGames.java:[3611,111] PVP in org.bukkit.GameRule has been deprecated and marked for removal
[WARNING] /E:/Privat/Temp/PotionGames/src/main/java/com/tw0far/potiongames/main/PotionGames.java:[3615,115] FALL_DAMAGE in org.bukkit.GameRule has been deprecated and marked for removal
[WARNING] /E:/Privat/Temp/PotionGames/src/main/java/com/tw0far/potiongames/main/PotionGames.java:[3965,119] PVP in org.bukkit.GameRule has been deprecated and marked for removal
[WARNING] /E:/Privat/Temp/PotionGames/src/main/java/com/tw0far/potiongames/main/PotionGames.java:[3969,123] FALL_DAMAGE in org.bukkit.GameRule has been deprecated and marked for removal
[WARNING] /E:/Privat/Temp/PotionGames/src/main/java/com/tw0far/potiongames/main/PotionGames.java:[4006,119] PVP in org.bukkit.GameRule has been deprecated and marked for removal
[WARNING] /E:/Privat/Temp/PotionGames/src/main/java/com/tw0far/potiongames/main/PotionGames.java:[4010,123] FALL_DAMAGE in org.bukkit.GameRule has been deprecated and marked for removal
[WARNING] /E:/Privat/Temp/PotionGames/src/main/java/com/tw0far/potiongames/main/PotionGames.java:[4216,173] PVP in org.bukkit.GameRule has been deprecated and marked for removal
[WARNING] /E:/Privat/Temp/PotionGames/src/main/java/com/tw0far/potiongames/main/PotionGames.java:[4220,177] FALL_DAMAGE in org.bukkit.GameRule has been deprecated and marked for removal
[INFO] 32 warnings 
[INFO] -------------------------------------------------------------
[INFO] -------------------------------------------------------------
[ERROR] COMPILATION ERROR : 
[INFO] -------------------------------------------------------------
[ERROR] /E:/Privat/Temp/PotionGames/src/main/java/com/tw0far/potiongames/main/PotionGames_Refactored.java:[33,8] class PotionGames is public, should be declared in a file named PotionGames.java
[ERROR] /E:/Privat/Temp/PotionGames/src/main/java/com/tw0far/potiongames/models/Lobby.java:[452,19] method getVotedArena() is already defined in class com.tw0far.potiongames.models.Lobby
[ERROR] /E:/Privat/Temp/PotionGames/src/main/java/com/tw0far/potiongames/examples/ConfigurationIntegrationExample.java:[70,12] cannot find symbol
  symbol:   class ItemStack
  location: class com.tw0far.potiongames.examples.ConfigurationIntegrationExample
[ERROR] /E:/Privat/Temp/PotionGames/src/main/java/com/tw0far/potiongames/commands/CommandDispatcher.java:[85,52] cannot find symbol
  symbol:   method getConfigManager()
  location: variable plugin of type com.tw0far.potiongames.main.PotionGames
[ERROR] /E:/Privat/Temp/PotionGames/src/main/java/com/tw0far/potiongames/handlers/ReloadHandler.java:[84,37] cannot find symbol
  symbol:   method getLobbyMap()
  location: variable game of type com.tw0far.potiongames.models.Game
[ERROR] /E:/Privat/Temp/PotionGames/src/main/java/com/tw0far/potiongames/handlers/ReloadHandler.java:[85,21] cannot find symbol
  symbol:   method getLobbyMap()
  location: variable game of type com.tw0far.potiongames.models.Game
[ERROR] /E:/Privat/Temp/PotionGames/src/main/java/com/tw0far/potiongames/handlers/ReloadHandler.java:[123,25] cannot find symbol
  symbol:   class ItemStack
  location: class com.tw0far.potiongames.handlers.ReloadHandler
[ERROR] /E:/Privat/Temp/PotionGames/src/main/java/com/tw0far/potiongames/handlers/ReloadHandler.java:[124,25] cannot find symbol
  symbol:   class ItemStack
  location: class com.tw0far.potiongames.handlers.ReloadHandler
[ERROR] /E:/Privat/Temp/PotionGames/src/main/java/com/tw0far/potiongames/listeners/CombatEventListener.java:[57,57] no suitable method found for get(java.util.HashMap<java.lang.String,java.util.HashMap<org.bukkit.entity.Player,java.lang.String>>,java.lang.String,org.bukkit.entity.Player,<nulltype>)
    method com.tw0far.potiongames.util.SafeMapAccess.<K1,K2,V>get(java.util.Map<K1,java.util.Map<K2,V>>,K1,K2) is not applicable
      (cannot infer type-variable(s) K1,K2,V
        (actual and formal argument lists differ in length))
    method com.tw0far.potiongames.util.SafeMapAccess.<K1,K2,V>get(java.util.Map<K1,java.util.Map<K2,V>>,K1,K2,V) is not applicable
      (cannot infer type-variable(s) K1,K2,V
        (argument mismatch; java.util.HashMap<java.lang.String,java.util.HashMap<org.bukkit.entity.Player,java.lang.String>> cannot be converted to java.util.Map<K1,java.util.Map<K2,V>>))
[ERROR] /E:/Privat/Temp/PotionGames/src/main/java/com/tw0far/potiongames/listeners/CombatEventListener.java:[57,117] no suitable method found for get(java.util.HashMap<java.lang.String,java.util.HashMap<org.bukkit.entity.Player,java.lang.String>>,java.lang.String,org.bukkit.entity.Player,<nulltype>)
    method com.tw0far.potiongames.util.SafeMapAccess.<K1,K2,V>get(java.util.Map<K1,java.util.Map<K2,V>>,K1,K2) is not applicable
      (cannot infer type-variable(s) K1,K2,V
        (actual and formal argument lists differ in length))
    method com.tw0far.potiongames.util.SafeMapAccess.<K1,K2,V>get(java.util.Map<K1,java.util.Map<K2,V>>,K1,K2,V) is not applicable
      (cannot infer type-variable(s) K1,K2,V
        (argument mismatch; java.util.HashMap<java.lang.String,java.util.HashMap<org.bukkit.entity.Player,java.lang.String>> cannot be converted to java.util.Map<K1,java.util.Map<K2,V>>))
[ERROR] /E:/Privat/Temp/PotionGames/src/main/java/com/tw0far/potiongames/listeners/CombatEventListener.java:[116,54] method contains in class com.tw0far.potiongames.util.SafeMapAccess cannot be applied to given types;
  required: java.util.Map<K1,java.util.Map<K2,V>>,K1,K2
  found:    java.util.HashMap<java.lang.String,java.util.HashMap<org.bukkit.entity.Player,java.lang.String>>,java.lang.String,org.bukkit.entity.Player
  reason: cannot infer type-variable(s) K1,K2,V
    (argument mismatch; java.util.HashMap<java.lang.String,java.util.HashMap<org.bukkit.entity.Player,java.lang.String>> cannot be converted to java.util.Map<K1,java.util.Map<K2,V>>)
[ERROR] /E:/Privat/Temp/PotionGames/src/main/java/com/tw0far/potiongames/listeners/CombatEventListener.java:[116,115] no suitable method found for get(java.util.HashMap<java.lang.String,java.util.HashMap<org.bukkit.entity.Player,java.lang.String>>,java.lang.String,<nulltype>,<nulltype>)
    method com.tw0far.potiongames.util.SafeMapAccess.<K1,K2,V>get(java.util.Map<K1,java.util.Map<K2,V>>,K1,K2) is not applicable
      (cannot infer type-variable(s) K1,K2,V
        (actual and formal argument lists differ in length))
    method com.tw0far.potiongames.util.SafeMapAccess.<K1,K2,V>get(java.util.Map<K1,java.util.Map<K2,V>>,K1,K2,V) is not applicable
      (cannot infer type-variable(s) K1,K2,V
        (argument mismatch; java.util.HashMap<java.lang.String,java.util.HashMap<org.bukkit.entity.Player,java.lang.String>> cannot be converted to java.util.Map<K1,java.util.Map<K2,V>>))
[ERROR] /E:/Privat/Temp/PotionGames/src/main/java/com/tw0far/potiongames/listeners/CombatEventListener.java:[116,188] no suitable method found for get(java.util.HashMap<java.lang.String,java.util.HashMap<org.bukkit.entity.Player,java.lang.String>>,java.lang.String,<nulltype>,<nulltype>)
    method com.tw0far.potiongames.util.SafeMapAccess.<K1,K2,V>get(java.util.Map<K1,java.util.Map<K2,V>>,K1,K2) is not applicable
      (cannot infer type-variable(s) K1,K2,V
        (actual and formal argument lists differ in length))
    method com.tw0far.potiongames.util.SafeMapAccess.<K1,K2,V>get(java.util.Map<K1,java.util.Map<K2,V>>,K1,K2,V) is not applicable
      (cannot infer type-variable(s) K1,K2,V
        (argument mismatch; java.util.HashMap<java.lang.String,java.util.HashMap<org.bukkit.entity.Player,java.lang.String>> cannot be converted to java.util.Map<K1,java.util.Map<K2,V>>))
[ERROR] /E:/Privat/Temp/PotionGames/src/main/java/com/tw0far/potiongames/listeners/CombatEventListener.java:[117,73] no suitable method found for get(java.util.HashMap<java.lang.String,java.util.HashMap<org.bukkit.entity.Player,java.lang.String>>,java.lang.String,org.bukkit.entity.Player,<nulltype>)
    method com.tw0far.potiongames.util.SafeMapAccess.<K1,K2,V>get(java.util.Map<K1,java.util.Map<K2,V>>,K1,K2) is not applicable
      (cannot infer type-variable(s) K1,K2,V
        (actual and formal argument lists differ in length))
    method com.tw0far.potiongames.util.SafeMapAccess.<K1,K2,V>get(java.util.Map<K1,java.util.Map<K2,V>>,K1,K2,V) is not applicable
      (cannot infer type-variable(s) K1,K2,V
        (argument mismatch; java.util.HashMap<java.lang.String,java.util.HashMap<org.bukkit.entity.Player,java.lang.String>> cannot be converted to java.util.Map<K1,java.util.Map<K2,V>>))
[ERROR] /E:/Privat/Temp/PotionGames/src/main/java/com/tw0far/potiongames/listeners/CombatEventListener.java:[122,46] method remove in class com.tw0far.potiongames.util.SafeMapAccess cannot be applied to given types;
  required: java.util.Map<K1,java.util.Map<K2,V>>,K1,K2
  found:    java.util.HashMap<java.lang.String,java.util.HashMap<org.bukkit.entity.Player,java.lang.String>>,java.lang.String,org.bukkit.entity.Player
  reason: cannot infer type-variable(s) K1,K2,V
    (argument mismatch; java.util.HashMap<java.lang.String,java.util.HashMap<org.bukkit.entity.Player,java.lang.String>> cannot be converted to java.util.Map<K1,java.util.Map<K2,V>>)
[ERROR] /E:/Privat/Temp/PotionGames/src/main/java/com/tw0far/potiongames/listeners/CombatEventListener.java:[124,63] no suitable method found for get(java.util.HashMap<java.lang.String,java.util.HashMap<java.lang.Integer,java.lang.Integer>>,java.lang.String,int,int)
    method com.tw0far.potiongames.util.SafeMapAccess.<K1,K2,V>get(java.util.Map<K1,java.util.Map<K2,V>>,K1,K2) is not applicable
      (cannot infer type-variable(s) K1,K2,V
        (actual and formal argument lists differ in length))
    method com.tw0far.potiongames.util.SafeMapAccess.<K1,K2,V>get(java.util.Map<K1,java.util.Map<K2,V>>,K1,K2,V) is not applicable
      (cannot infer type-variable(s) K1,K2,V
        (argument mismatch; java.util.HashMap<java.lang.String,java.util.HashMap<java.lang.Integer,java.lang.Integer>> cannot be converted to java.util.Map<K1,java.util.Map<K2,V>>))
[ERROR] /E:/Privat/Temp/PotionGames/src/main/java/com/tw0far/potiongames/listeners/CombatEventListener.java:[126,46] method put in class com.tw0far.potiongames.util.SafeMapAccess cannot be applied to given types;
  required: java.util.Map<K1,java.util.Map<K2,V>>,K1,K2,V
  found:    java.util.HashMap<java.lang.String,java.util.HashMap<java.lang.Integer,java.lang.Integer>>,java.lang.String,int,int
  reason: cannot infer type-variable(s) K1,K2,V
    (argument mismatch; java.util.HashMap<java.lang.String,java.util.HashMap<java.lang.Integer,java.lang.Integer>> cannot be converted to java.util.Map<K1,java.util.Map<K2,V>>)
[ERROR] /E:/Privat/Temp/PotionGames/src/main/java/com/tw0far/potiongames/listeners/CombatEventListener.java:[127,50] no suitable method found for get(java.util.HashMap<java.lang.String,java.util.HashMap<java.lang.Integer,java.lang.Integer>>,java.lang.String,int,int)
    method com.tw0far.potiongames.util.SafeMapAccess.<K1,K2,V>get(java.util.Map<K1,java.util.Map<K2,V>>,K1,K2) is not applicable
      (cannot infer type-variable(s) K1,K2,V
        (actual and formal argument lists differ in length))
    method com.tw0far.potiongames.util.SafeMapAccess.<K1,K2,V>get(java.util.Map<K1,java.util.Map<K2,V>>,K1,K2,V) is not applicable
      (cannot infer type-variable(s) K1,K2,V
        (argument mismatch; java.util.HashMap<java.lang.String,java.util.HashMap<java.lang.Integer,java.lang.Integer>> cannot be converted to java.util.Map<K1,java.util.Map<K2,V>>))
[ERROR] /E:/Privat/Temp/PotionGames/src/main/java/com/tw0far/potiongames/listeners/CombatEventListener.java:[128,50] method remove in class com.tw0far.potiongames.util.SafeMapAccess cannot be applied to given types;
  required: java.util.Map<K1,java.util.Map<K2,V>>,K1,K2
  found:    java.util.HashMap<java.lang.String,java.util.HashMap<java.lang.Integer,java.lang.Integer>>,java.lang.String,int
  reason: cannot infer type-variable(s) K1,K2,V
    (argument mismatch; java.util.HashMap<java.lang.String,java.util.HashMap<java.lang.Integer,java.lang.Integer>> cannot be converted to java.util.Map<K1,java.util.Map<K2,V>>)
[ERROR] /E:/Privat/Temp/PotionGames/src/main/java/com/tw0far/potiongames/listeners/InventoryEventListener.java:[81,50] no suitable method found for get(java.util.HashMap<java.lang.String,java.util.HashMap<java.lang.String,java.lang.Integer>>,java.lang.String,java.lang.String,int)
    method com.tw0far.potiongames.util.SafeMapAccess.<K1,K2,V>get(java.util.Map<K1,java.util.Map<K2,V>>,K1,K2) is not applicable
      (cannot infer type-variable(s) K1,K2,V
        (actual and formal argument lists differ in length))
    method com.tw0far.potiongames.util.SafeMapAccess.<K1,K2,V>get(java.util.Map<K1,java.util.Map<K2,V>>,K1,K2,V) is not applicable
      (cannot infer type-variable(s) K1,K2,V
        (argument mismatch; java.util.HashMap<java.lang.String,java.util.HashMap<java.lang.String,java.lang.Integer>> cannot be converted to java.util.Map<K1,java.util.Map<K2,V>>))
[ERROR] /E:/Privat/Temp/PotionGames/src/main/java/com/tw0far/potiongames/listeners/InventoryEventListener.java:[84,52] no suitable method found for get(java.util.HashMap<java.lang.String,java.util.HashMap<java.lang.String,java.lang.Integer>>,java.lang.String,java.lang.String,int)
    method com.tw0far.potiongames.util.SafeMapAccess.<K1,K2,V>get(java.util.Map<K1,java.util.Map<K2,V>>,K1,K2) is not applicable
      (cannot infer type-variable(s) K1,K2,V
        (actual and formal argument lists differ in length))
    method com.tw0far.potiongames.util.SafeMapAccess.<K1,K2,V>get(java.util.Map<K1,java.util.Map<K2,V>>,K1,K2,V) is not applicable
      (cannot infer type-variable(s) K1,K2,V
        (argument mismatch; java.util.HashMap<java.lang.String,java.util.HashMap<java.lang.String,java.lang.Integer>> cannot be converted to java.util.Map<K1,java.util.Map<K2,V>>))
[ERROR] /E:/Privat/Temp/PotionGames/src/main/java/com/tw0far/potiongames/listeners/InventoryEventListener.java:[88,61] no suitable method found for get(java.util.HashMap<java.lang.String,java.util.HashMap<java.lang.String,java.lang.Integer>>,java.lang.String,java.lang.String,int)
    method com.tw0far.potiongames.util.SafeMapAccess.<K1,K2,V>get(java.util.Map<K1,java.util.Map<K2,V>>,K1,K2) is not applicable
      (cannot infer type-variable(s) K1,K2,V
        (actual and formal argument lists differ in length))
    method com.tw0far.potiongames.util.SafeMapAccess.<K1,K2,V>get(java.util.Map<K1,java.util.Map<K2,V>>,K1,K2,V) is not applicable
      (cannot infer type-variable(s) K1,K2,V
        (argument mismatch; java.util.HashMap<java.lang.String,java.util.HashMap<java.lang.String,java.lang.Integer>> cannot be converted to java.util.Map<K1,java.util.Map<K2,V>>))
[ERROR] /E:/Privat/Temp/PotionGames/src/main/java/com/tw0far/potiongames/listeners/InventoryEventListener.java:[99,65] no suitable method found for get(java.util.HashMap<java.lang.String,java.util.HashMap<org.bukkit.entity.Player,java.lang.String>>,java.lang.String,org.bukkit.entity.Player,<nulltype>)
    method com.tw0far.potiongames.util.SafeMapAccess.<K1,K2,V>get(java.util.Map<K1,java.util.Map<K2,V>>,K1,K2) is not applicable
      (cannot infer type-variable(s) K1,K2,V
        (actual and formal argument lists differ in length))
    method com.tw0far.potiongames.util.SafeMapAccess.<K1,K2,V>get(java.util.Map<K1,java.util.Map<K2,V>>,K1,K2,V) is not applicable
      (cannot infer type-variable(s) K1,K2,V
        (argument mismatch; java.util.HashMap<java.lang.String,java.util.HashMap<org.bukkit.entity.Player,java.lang.String>> cannot be converted to java.util.Map<K1,java.util.Map<K2,V>>))
[ERROR] /E:/Privat/Temp/PotionGames/src/main/java/com/tw0far/potiongames/listeners/InventoryEventListener.java:[104,38] method remove in class com.tw0far.potiongames.util.SafeMapAccess cannot be applied to given types;
  required: java.util.Map<K1,java.util.Map<K2,V>>,K1,K2
  found:    java.util.HashMap<java.lang.String,java.util.HashMap<org.bukkit.entity.Player,java.lang.String>>,java.lang.String,org.bukkit.entity.Player
  reason: cannot infer type-variable(s) K1,K2,V
    (argument mismatch; java.util.HashMap<java.lang.String,java.util.HashMap<org.bukkit.entity.Player,java.lang.String>> cannot be converted to java.util.Map<K1,java.util.Map<K2,V>>)
[ERROR] /E:/Privat/Temp/PotionGames/src/main/java/com/tw0far/potiongames/listeners/InventoryEventListener.java:[105,50] no suitable method found for get(java.util.HashMap<java.lang.String,java.util.HashMap<java.lang.String,java.lang.Integer>>,java.lang.String,java.lang.String,int)
    method com.tw0far.potiongames.util.SafeMapAccess.<K1,K2,V>get(java.util.Map<K1,java.util.Map<K2,V>>,K1,K2) is not applicable
      (cannot infer type-variable(s) K1,K2,V
        (actual and formal argument lists differ in length))
    method com.tw0far.potiongames.util.SafeMapAccess.<K1,K2,V>get(java.util.Map<K1,java.util.Map<K2,V>>,K1,K2,V) is not applicable
      (cannot infer type-variable(s) K1,K2,V
        (argument mismatch; java.util.HashMap<java.lang.String,java.util.HashMap<java.lang.String,java.lang.Integer>> cannot be converted to java.util.Map<K1,java.util.Map<K2,V>>))
[ERROR] /E:/Privat/Temp/PotionGames/src/main/java/com/tw0far/potiongames/listeners/InventoryEventListener.java:[108,52] no suitable method found for get(java.util.HashMap<java.lang.String,java.util.HashMap<java.lang.String,java.lang.Integer>>,java.lang.String,java.lang.String,int)
    method com.tw0far.potiongames.util.SafeMapAccess.<K1,K2,V>get(java.util.Map<K1,java.util.Map<K2,V>>,K1,K2) is not applicable
      (cannot infer type-variable(s) K1,K2,V
        (actual and formal argument lists differ in length))
    method com.tw0far.potiongames.util.SafeMapAccess.<K1,K2,V>get(java.util.Map<K1,java.util.Map<K2,V>>,K1,K2,V) is not applicable
      (cannot infer type-variable(s) K1,K2,V
        (argument mismatch; java.util.HashMap<java.lang.String,java.util.HashMap<java.lang.String,java.lang.Integer>> cannot be converted to java.util.Map<K1,java.util.Map<K2,V>>))
[ERROR] /E:/Privat/Temp/PotionGames/src/main/java/com/tw0far/potiongames/listeners/InventoryEventListener.java:[112,61] no suitable method found for get(java.util.HashMap<java.lang.String,java.util.HashMap<java.lang.String,java.lang.Integer>>,java.lang.String,java.lang.String,int)
    method com.tw0far.potiongames.util.SafeMapAccess.<K1,K2,V>get(java.util.Map<K1,java.util.Map<K2,V>>,K1,K2) is not applicable
      (cannot infer type-variable(s) K1,K2,V
        (actual and formal argument lists differ in length))
    method com.tw0far.potiongames.util.SafeMapAccess.<K1,K2,V>get(java.util.Map<K1,java.util.Map<K2,V>>,K1,K2,V) is not applicable
      (cannot infer type-variable(s) K1,K2,V
        (argument mismatch; java.util.HashMap<java.lang.String,java.util.HashMap<java.lang.String,java.lang.Integer>> cannot be converted to java.util.Map<K1,java.util.Map<K2,V>>))
[ERROR] /E:/Privat/Temp/PotionGames/src/main/java/com/tw0far/potiongames/listeners/InventoryEventListener.java:[119,46] no suitable method found for get(java.util.HashMap<java.lang.String,java.util.HashMap<java.lang.String,java.lang.Integer>>,java.lang.String,java.lang.String,int)
    method com.tw0far.potiongames.util.SafeMapAccess.<K1,K2,V>get(java.util.Map<K1,java.util.Map<K2,V>>,K1,K2) is not applicable
      (cannot infer type-variable(s) K1,K2,V
        (actual and formal argument lists differ in length))
    method com.tw0far.potiongames.util.SafeMapAccess.<K1,K2,V>get(java.util.Map<K1,java.util.Map<K2,V>>,K1,K2,V) is not applicable
      (cannot infer type-variable(s) K1,K2,V
        (argument mismatch; java.util.HashMap<java.lang.String,java.util.HashMap<java.lang.String,java.lang.Integer>> cannot be converted to java.util.Map<K1,java.util.Map<K2,V>>))
[ERROR] /E:/Privat/Temp/PotionGames/src/main/java/com/tw0far/potiongames/listeners/InventoryEventListener.java:[122,52] no suitable method found for get(java.util.HashMap<java.lang.String,java.util.HashMap<java.lang.String,java.lang.Integer>>,java.lang.String,java.lang.String,int)
    method com.tw0far.potiongames.util.SafeMapAccess.<K1,K2,V>get(java.util.Map<K1,java.util.Map<K2,V>>,K1,K2) is not applicable
      (cannot infer type-variable(s) K1,K2,V
        (actual and formal argument lists differ in length))
    method com.tw0far.potiongames.util.SafeMapAccess.<K1,K2,V>get(java.util.Map<K1,java.util.Map<K2,V>>,K1,K2,V) is not applicable
      (cannot infer type-variable(s) K1,K2,V
        (argument mismatch; java.util.HashMap<java.lang.String,java.util.HashMap<java.lang.String,java.lang.Integer>> cannot be converted to java.util.Map<K1,java.util.Map<K2,V>>))
[ERROR] /E:/Privat/Temp/PotionGames/src/main/java/com/tw0far/potiongames/listeners/InventoryEventListener.java:[126,61] no suitable method found for get(java.util.HashMap<java.lang.String,java.util.HashMap<java.lang.String,java.lang.Integer>>,java.lang.String,java.lang.String,int)
    method com.tw0far.potiongames.util.SafeMapAccess.<K1,K2,V>get(java.util.Map<K1,java.util.Map<K2,V>>,K1,K2) is not applicable
      (cannot infer type-variable(s) K1,K2,V
        (actual and formal argument lists differ in length))
    method com.tw0far.potiongames.util.SafeMapAccess.<K1,K2,V>get(java.util.Map<K1,java.util.Map<K2,V>>,K1,K2,V) is not applicable
      (cannot infer type-variable(s) K1,K2,V
        (argument mismatch; java.util.HashMap<java.lang.String,java.util.HashMap<java.lang.String,java.lang.Integer>> cannot be converted to java.util.Map<K1,java.util.Map<K2,V>>))
[ERROR] /E:/Privat/Temp/PotionGames/src/main/java/com/tw0far/potiongames/listeners/InventoryEventListener.java:[135,188] no suitable method found for get(java.util.HashMap<java.lang.String,java.util.HashMap<java.lang.String,java.lang.Integer>>,java.lang.String,java.lang.String,int)
    method com.tw0far.potiongames.util.SafeMapAccess.<K1,K2,V>get(java.util.Map<K1,java.util.Map<K2,V>>,K1,K2) is not applicable
      (cannot infer type-variable(s) K1,K2,V
        (actual and formal argument lists differ in length))
    method com.tw0far.potiongames.util.SafeMapAccess.<K1,K2,V>get(java.util.Map<K1,java.util.Map<K2,V>>,K1,K2,V) is not applicable
      (cannot infer type-variable(s) K1,K2,V
        (argument mismatch; java.util.HashMap<java.lang.String,java.util.HashMap<java.lang.String,java.lang.Integer>> cannot be converted to java.util.Map<K1,java.util.Map<K2,V>>))
[ERROR] /E:/Privat/Temp/PotionGames/src/main/java/com/tw0far/potiongames/listeners/InventoryEventListener.java:[138,34] method put in class com.tw0far.potiongames.util.SafeMapAccess cannot be applied to given types;
  required: java.util.Map<K1,java.util.Map<K2,V>>,K1,K2,V
  found:    java.util.HashMap<java.lang.String,java.util.HashMap<org.bukkit.entity.Player,java.lang.String>>,java.lang.String,org.bukkit.entity.Player,java.lang.String
  reason: cannot infer type-variable(s) K1,K2,V
    (argument mismatch; java.util.HashMap<java.lang.String,java.util.HashMap<org.bukkit.entity.Player,java.lang.String>> cannot be converted to java.util.Map<K1,java.util.Map<K2,V>>)
[ERROR] /E:/Privat/Temp/PotionGames/src/main/java/com/tw0far/potiongames/listeners/InventoryEventListener.java:[172,48] no suitable method found for get(java.util.HashMap<java.lang.String,java.util.HashMap<java.lang.Integer,java.lang.Integer>>,java.lang.String,int,<nulltype>)
    method com.tw0far.potiongames.util.SafeMapAccess.<K1,K2,V>get(java.util.Map<K1,java.util.Map<K2,V>>,K1,K2) is not applicable
      (cannot infer type-variable(s) K1,K2,V
        (actual and formal argument lists differ in length))
    method com.tw0far.potiongames.util.SafeMapAccess.<K1,K2,V>get(java.util.Map<K1,java.util.Map<K2,V>>,K1,K2,V) is not applicable
      (cannot infer type-variable(s) K1,K2,V
        (argument mismatch; java.util.HashMap<java.lang.String,java.util.HashMap<java.lang.Integer,java.lang.Integer>> cannot be converted to java.util.Map<K1,java.util.Map<K2,V>>))
[ERROR] /E:/Privat/Temp/PotionGames/src/main/java/com/tw0far/potiongames/listeners/InventoryEventListener.java:[176,44] no suitable method found for get(java.util.HashMap<java.lang.String,java.util.HashMap<java.lang.Integer,java.lang.Integer>>,java.lang.String,int,int)
    method com.tw0far.potiongames.util.SafeMapAccess.<K1,K2,V>get(java.util.Map<K1,java.util.Map<K2,V>>,K1,K2) is not applicable
      (cannot infer type-variable(s) K1,K2,V
        (actual and formal argument lists differ in length))
    method com.tw0far.potiongames.util.SafeMapAccess.<K1,K2,V>get(java.util.Map<K1,java.util.Map<K2,V>>,K1,K2,V) is not applicable
      (cannot infer type-variable(s) K1,K2,V
        (argument mismatch; java.util.HashMap<java.lang.String,java.util.HashMap<java.lang.Integer,java.lang.Integer>> cannot be converted to java.util.Map<K1,java.util.Map<K2,V>>))
[ERROR] /E:/Privat/Temp/PotionGames/src/main/java/com/tw0far/potiongames/listeners/InventoryEventListener.java:[180,51] no suitable method found for get(java.util.HashMap<java.lang.String,java.util.HashMap<java.lang.Integer,java.lang.Integer>>,java.lang.String,int,int)
    method com.tw0far.potiongames.util.SafeMapAccess.<K1,K2,V>get(java.util.Map<K1,java.util.Map<K2,V>>,K1,K2) is not applicable
      (cannot infer type-variable(s) K1,K2,V
        (actual and formal argument lists differ in length))
    method com.tw0far.potiongames.util.SafeMapAccess.<K1,K2,V>get(java.util.Map<K1,java.util.Map<K2,V>>,K1,K2,V) is not applicable
      (cannot infer type-variable(s) K1,K2,V
        (argument mismatch; java.util.HashMap<java.lang.String,java.util.HashMap<java.lang.Integer,java.lang.Integer>> cannot be converted to java.util.Map<K1,java.util.Map<K2,V>>))
[ERROR] /E:/Privat/Temp/PotionGames/src/main/java/com/tw0far/potiongames/listeners/InventoryEventListener.java:[187,184] no suitable method found for get(java.util.HashMap<java.lang.String,java.util.HashMap<java.lang.Integer,java.lang.Integer>>,java.lang.String,int,int)
    method com.tw0far.potiongames.util.SafeMapAccess.<K1,K2,V>get(java.util.Map<K1,java.util.Map<K2,V>>,K1,K2) is not applicable
      (cannot infer type-variable(s) K1,K2,V
        (actual and formal argument lists differ in length))
    method com.tw0far.potiongames.util.SafeMapAccess.<K1,K2,V>get(java.util.Map<K1,java.util.Map<K2,V>>,K1,K2,V) is not applicable
      (cannot infer type-variable(s) K1,K2,V
        (argument mismatch; java.util.HashMap<java.lang.String,java.util.HashMap<java.lang.Integer,java.lang.Integer>> cannot be converted to java.util.Map<K1,java.util.Map<K2,V>>))
[ERROR] /E:/Privat/Temp/PotionGames/src/main/java/com/tw0far/potiongames/listeners/InventoryEventListener.java:[190,30] method put in class com.tw0far.potiongames.util.SafeMapAccess cannot be applied to given types;
  required: java.util.Map<K1,java.util.Map<K2,V>>,K1,K2,V
  found:    java.util.HashMap<java.lang.String,java.util.HashMap<org.bukkit.entity.Player,java.lang.String>>,java.lang.String,org.bukkit.entity.Player,java.lang.String
  reason: cannot infer type-variable(s) K1,K2,V
    (argument mismatch; java.util.HashMap<java.lang.String,java.util.HashMap<org.bukkit.entity.Player,java.lang.String>> cannot be converted to java.util.Map<K1,java.util.Map<K2,V>>)
[ERROR] /E:/Privat/Temp/PotionGames/src/main/java/com/tw0far/potiongames/listeners/InventoryEventListener.java:[199,26] no suitable method found for get(java.util.HashMap<java.lang.String,java.util.HashMap<java.lang.Integer,java.lang.Integer>>,java.lang.String,int,int)
    method com.tw0far.potiongames.util.SafeMapAccess.<K1,K2,V>get(java.util.Map<K1,java.util.Map<K2,V>>,K1,K2) is not applicable
      (cannot infer type-variable(s) K1,K2,V
        (actual and formal argument lists differ in length))
    method com.tw0far.potiongames.util.SafeMapAccess.<K1,K2,V>get(java.util.Map<K1,java.util.Map<K2,V>>,K1,K2,V) is not applicable
      (cannot infer type-variable(s) K1,K2,V
        (argument mismatch; java.util.HashMap<java.lang.String,java.util.HashMap<java.lang.Integer,java.lang.Integer>> cannot be converted to java.util.Map<K1,java.util.Map<K2,V>>))
[ERROR] /E:/Privat/Temp/PotionGames/src/main/java/com/tw0far/potiongames/listeners/InventoryEventListener.java:[201,40] no suitable method found for get(java.util.HashMap<java.lang.String,java.util.HashMap<java.lang.Integer,java.lang.Integer>>,java.lang.String,int,int)
    method com.tw0far.potiongames.util.SafeMapAccess.<K1,K2,V>get(java.util.Map<K1,java.util.Map<K2,V>>,K1,K2) is not applicable
      (cannot infer type-variable(s) K1,K2,V
        (actual and formal argument lists differ in length))
    method com.tw0far.potiongames.util.SafeMapAccess.<K1,K2,V>get(java.util.Map<K1,java.util.Map<K2,V>>,K1,K2,V) is not applicable
      (cannot infer type-variable(s) K1,K2,V
        (argument mismatch; java.util.HashMap<java.lang.String,java.util.HashMap<java.lang.Integer,java.lang.Integer>> cannot be converted to java.util.Map<K1,java.util.Map<K2,V>>))
[ERROR] /E:/Privat/Temp/PotionGames/src/main/java/com/tw0far/potiongames/listeners/InventoryEventListener.java:[205,47] no suitable method found for get(java.util.HashMap<java.lang.String,java.util.HashMap<java.lang.Integer,java.lang.Integer>>,java.lang.String,int,int)
    method com.tw0far.potiongames.util.SafeMapAccess.<K1,K2,V>get(java.util.Map<K1,java.util.Map<K2,V>>,K1,K2) is not applicable
      (cannot infer type-variable(s) K1,K2,V
        (actual and formal argument lists differ in length))
    method com.tw0far.potiongames.util.SafeMapAccess.<K1,K2,V>get(java.util.Map<K1,java.util.Map<K2,V>>,K1,K2,V) is not applicable
      (cannot infer type-variable(s) K1,K2,V
        (argument mismatch; java.util.HashMap<java.lang.String,java.util.HashMap<java.lang.Integer,java.lang.Integer>> cannot be converted to java.util.Map<K1,java.util.Map<K2,V>>))
[ERROR] /E:/Privat/Temp/PotionGames/src/main/java/com/tw0far/potiongames/listeners/InventoryEventListener.java:[212,180] no suitable method found for get(java.util.HashMap<java.lang.String,java.util.HashMap<java.lang.Integer,java.lang.Integer>>,java.lang.String,int,int)
    method com.tw0far.potiongames.util.SafeMapAccess.<K1,K2,V>get(java.util.Map<K1,java.util.Map<K2,V>>,K1,K2) is not applicable
      (cannot infer type-variable(s) K1,K2,V
        (actual and formal argument lists differ in length))
    method com.tw0far.potiongames.util.SafeMapAccess.<K1,K2,V>get(java.util.Map<K1,java.util.Map<K2,V>>,K1,K2,V) is not applicable
      (cannot infer type-variable(s) K1,K2,V
        (argument mismatch; java.util.HashMap<java.lang.String,java.util.HashMap<java.lang.Integer,java.lang.Integer>> cannot be converted to java.util.Map<K1,java.util.Map<K2,V>>))
[ERROR] /E:/Privat/Temp/PotionGames/src/main/java/com/tw0far/potiongames/listeners/InventoryEventListener.java:[215,26] method put in class com.tw0far.potiongames.util.SafeMapAccess cannot be applied to given types;
  required: java.util.Map<K1,java.util.Map<K2,V>>,K1,K2,V
  found:    java.util.HashMap<java.lang.String,java.util.HashMap<org.bukkit.entity.Player,java.lang.String>>,java.lang.String,org.bukkit.entity.Player,java.lang.String
  reason: cannot infer type-variable(s) K1,K2,V
    (argument mismatch; java.util.HashMap<java.lang.String,java.util.HashMap<org.bukkit.entity.Player,java.lang.String>> cannot be converted to java.util.Map<K1,java.util.Map<K2,V>>)
[ERROR] /E:/Privat/Temp/PotionGames/src/main/java/com/tw0far/potiongames/listeners/InventoryEventListener.java:[231,45] no suitable method found for get(java.util.HashMap<java.lang.String,java.util.HashMap<org.bukkit.entity.Player,java.lang.String>>,java.lang.String,org.bukkit.entity.Player,<nulltype>)
    method com.tw0far.potiongames.util.SafeMapAccess.<K1,K2,V>get(java.util.Map<K1,java.util.Map<K2,V>>,K1,K2) is not applicable
      (cannot infer type-variable(s) K1,K2,V
        (actual and formal argument lists differ in length))
    method com.tw0far.potiongames.util.SafeMapAccess.<K1,K2,V>get(java.util.Map<K1,java.util.Map<K2,V>>,K1,K2,V) is not applicable
      (cannot infer type-variable(s) K1,K2,V
        (argument mismatch; java.util.HashMap<java.lang.String,java.util.HashMap<org.bukkit.entity.Player,java.lang.String>> cannot be converted to java.util.Map<K1,java.util.Map<K2,V>>))
[ERROR] /E:/Privat/Temp/PotionGames/src/main/java/com/tw0far/potiongames/listeners/InventoryEventListener.java:[235,22] method remove in class com.tw0far.potiongames.util.SafeMapAccess cannot be applied to given types;
  required: java.util.Map<K1,java.util.Map<K2,V>>,K1,K2
  found:    java.util.HashMap<java.lang.String,java.util.HashMap<org.bukkit.entity.Player,java.lang.String>>,java.lang.String,org.bukkit.entity.Player
  reason: cannot infer type-variable(s) K1,K2,V
    (argument mismatch; java.util.HashMap<java.lang.String,java.util.HashMap<org.bukkit.entity.Player,java.lang.String>> cannot be converted to java.util.Map<K1,java.util.Map<K2,V>>)
[ERROR] /E:/Privat/Temp/PotionGames/src/main/java/com/tw0far/potiongames/listeners/InventoryEventListener.java:[237,39] no suitable method found for get(java.util.HashMap<java.lang.String,java.util.HashMap<java.lang.Integer,java.lang.Integer>>,java.lang.String,int,int)
    method com.tw0far.potiongames.util.SafeMapAccess.<K1,K2,V>get(java.util.Map<K1,java.util.Map<K2,V>>,K1,K2) is not applicable
      (cannot infer type-variable(s) K1,K2,V
        (actual and formal argument lists differ in length))
    method com.tw0far.potiongames.util.SafeMapAccess.<K1,K2,V>get(java.util.Map<K1,java.util.Map<K2,V>>,K1,K2,V) is not applicable
      (cannot infer type-variable(s) K1,K2,V
        (argument mismatch; java.util.HashMap<java.lang.String,java.util.HashMap<java.lang.Integer,java.lang.Integer>> cannot be converted to java.util.Map<K1,java.util.Map<K2,V>>))
[ERROR] /E:/Privat/Temp/PotionGames/src/main/java/com/tw0far/potiongames/listeners/InventoryEventListener.java:[241,43] no suitable method found for get(java.util.HashMap<java.lang.String,java.util.HashMap<java.lang.Integer,java.lang.Integer>>,java.lang.String,int,int)
    method com.tw0far.potiongames.util.SafeMapAccess.<K1,K2,V>get(java.util.Map<K1,java.util.Map<K2,V>>,K1,K2) is not applicable
      (cannot infer type-variable(s) K1,K2,V
        (actual and formal argument lists differ in length))
    method com.tw0far.potiongames.util.SafeMapAccess.<K1,K2,V>get(java.util.Map<K1,java.util.Map<K2,V>>,K1,K2,V) is not applicable
      (cannot infer type-variable(s) K1,K2,V
        (argument mismatch; java.util.HashMap<java.lang.String,java.util.HashMap<java.lang.Integer,java.lang.Integer>> cannot be converted to java.util.Map<K1,java.util.Map<K2,V>>))
[ERROR] /E:/Privat/Temp/PotionGames/src/main/java/com/tw0far/potiongames/listeners/InventoryEventListener.java:[807,112] no suitable method found for get(java.util.HashMap<java.lang.String,java.util.HashMap<org.bukkit.entity.Player,java.lang.String>>,java.lang.String,org.bukkit.entity.Player,<nulltype>)
    method com.tw0far.potiongames.util.SafeMapAccess.<K1,K2,V>get(java.util.Map<K1,java.util.Map<K2,V>>,K1,K2) is not applicable
      (cannot infer type-variable(s) K1,K2,V
        (actual and formal argument lists differ in length))
    method com.tw0far.potiongames.util.SafeMapAccess.<K1,K2,V>get(java.util.Map<K1,java.util.Map<K2,V>>,K1,K2,V) is not applicable
      (cannot infer type-variable(s) K1,K2,V
        (argument mismatch; java.util.HashMap<java.lang.String,java.util.HashMap<org.bukkit.entity.Player,java.lang.String>> cannot be converted to java.util.Map<K1,java.util.Map<K2,V>>))
[ERROR] /E:/Privat/Temp/PotionGames/src/main/java/com/tw0far/potiongames/listeners/InventoryEventListener.java:[807,172] no suitable method found for get(java.util.HashMap<java.lang.String,java.util.HashMap<org.bukkit.entity.Player,java.lang.String>>,java.lang.String,org.bukkit.entity.Player,<nulltype>)
    method com.tw0far.potiongames.util.SafeMapAccess.<K1,K2,V>get(java.util.Map<K1,java.util.Map<K2,V>>,K1,K2) is not applicable
      (cannot infer type-variable(s) K1,K2,V
        (actual and formal argument lists differ in length))
    method com.tw0far.potiongames.util.SafeMapAccess.<K1,K2,V>get(java.util.Map<K1,java.util.Map<K2,V>>,K1,K2,V) is not applicable
      (cannot infer type-variable(s) K1,K2,V
        (argument mismatch; java.util.HashMap<java.lang.String,java.util.HashMap<org.bukkit.entity.Player,java.lang.String>> cannot be converted to java.util.Map<K1,java.util.Map<K2,V>>))
[ERROR] /E:/Privat/Temp/PotionGames/src/main/java/com/tw0far/potiongames/listeners/InventoryEventListener.java:[867,180] no suitable method found for get(java.util.HashMap<java.lang.String,java.util.HashMap<java.lang.String,java.lang.Integer>>,java.lang.String,java.lang.String,int)
    method com.tw0far.potiongames.util.SafeMapAccess.<K1,K2,V>get(java.util.Map<K1,java.util.Map<K2,V>>,K1,K2) is not applicable
      (cannot infer type-variable(s) K1,K2,V
        (actual and formal argument lists differ in length))
    method com.tw0far.potiongames.util.SafeMapAccess.<K1,K2,V>get(java.util.Map<K1,java.util.Map<K2,V>>,K1,K2,V) is not applicable
      (cannot infer type-variable(s) K1,K2,V
        (argument mismatch; java.util.HashMap<java.lang.String,java.util.HashMap<java.lang.String,java.lang.Integer>> cannot be converted to java.util.Map<K1,java.util.Map<K2,V>>))
[ERROR] /E:/Privat/Temp/PotionGames/src/main/java/com/tw0far/potiongames/listeners/InventoryEventListener.java:[876,187] no suitable method found for get(java.util.HashMap<java.lang.String,java.util.HashMap<java.lang.String,java.lang.Integer>>,java.lang.String,java.lang.String,int)
    method com.tw0far.potiongames.util.SafeMapAccess.<K1,K2,V>get(java.util.Map<K1,java.util.Map<K2,V>>,K1,K2) is not applicable
      (cannot infer type-variable(s) K1,K2,V
        (actual and formal argument lists differ in length))
    method com.tw0far.potiongames.util.SafeMapAccess.<K1,K2,V>get(java.util.Map<K1,java.util.Map<K2,V>>,K1,K2,V) is not applicable
      (cannot infer type-variable(s) K1,K2,V
        (argument mismatch; java.util.HashMap<java.lang.String,java.util.HashMap<java.lang.String,java.lang.Integer>> cannot be converted to java.util.Map<K1,java.util.Map<K2,V>>))
[ERROR] /E:/Privat/Temp/PotionGames/src/main/java/com/tw0far/potiongames/listeners/InventoryEventListener.java:[939,183] no suitable method found for get(java.util.HashMap<java.lang.String,java.util.HashMap<java.lang.Integer,java.lang.Integer>>,java.lang.String,java.lang.Integer,int)
    method com.tw0far.potiongames.util.SafeMapAccess.<K1,K2,V>get(java.util.Map<K1,java.util.Map<K2,V>>,K1,K2) is not applicable
      (cannot infer type-variable(s) K1,K2,V
        (actual and formal argument lists differ in length))
    method com.tw0far.potiongames.util.SafeMapAccess.<K1,K2,V>get(java.util.Map<K1,java.util.Map<K2,V>>,K1,K2,V) is not applicable
      (cannot infer type-variable(s) K1,K2,V
        (argument mismatch; java.util.HashMap<java.lang.String,java.util.HashMap<java.lang.Integer,java.lang.Integer>> cannot be converted to java.util.Map<K1,java.util.Map<K2,V>>))
[ERROR] /E:/Privat/Temp/PotionGames/src/main/java/com/tw0far/potiongames/listeners/InventoryEventListener.java:[945,58] no suitable method found for get(java.util.HashMap<java.lang.String,java.util.HashMap<org.bukkit.entity.Player,java.lang.String>>,java.lang.String,org.bukkit.entity.Player,java.lang.String)
    method com.tw0far.potiongames.util.SafeMapAccess.<K1,K2,V>get(java.util.Map<K1,java.util.Map<K2,V>>,K1,K2) is not applicable
      (cannot infer type-variable(s) K1,K2,V
        (actual and formal argument lists differ in length))
    method com.tw0far.potiongames.util.SafeMapAccess.<K1,K2,V>get(java.util.Map<K1,java.util.Map<K2,V>>,K1,K2,V) is not applicable
      (cannot infer type-variable(s) K1,K2,V
        (argument mismatch; java.util.HashMap<java.lang.String,java.util.HashMap<org.bukkit.entity.Player,java.lang.String>> cannot be converted to java.util.Map<K1,java.util.Map<K2,V>>))
[INFO] 52 errors 
[INFO] -------------------------------------------------------------
[INFO] ------------------------------------------------------------------------
[INFO] BUILD FAILURE
[INFO] ------------------------------------------------------------------------
[INFO] Total time:  4.691 s
[INFO] Finished at: 2026-04-24T20:26:34+02:00
[INFO] ------------------------------------------------------------------------
[ERROR] Failed to execute goal org.apache.maven.plugins:maven-compiler-plugin:3.13.0:compile (default-compile) on project PotionGamesX: Compilation failure: Compilation failure: 
[ERROR] /E:/Privat/Temp/PotionGames/src/main/java/com/tw0far/potiongames/main/PotionGames_Refactored.java:[33,8] class PotionGames is public, should be declared in a file named PotionGames.java
[ERROR] /E:/Privat/Temp/PotionGames/src/main/java/com/tw0far/potiongames/models/Lobby.java:[452,19] method getVotedArena() is already defined in class com.tw0far.potiongames.models.Lobby
[ERROR] /E:/Privat/Temp/PotionGames/src/main/java/com/tw0far/potiongames/examples/ConfigurationIntegrationExample.java:[70,12] cannot find symbol
[ERROR]   symbol:   class ItemStack
[ERROR]   location: class com.tw0far.potiongames.examples.ConfigurationIntegrationExample
[ERROR] /E:/Privat/Temp/PotionGames/src/main/java/com/tw0far/potiongames/commands/CommandDispatcher.java:[85,52] cannot find symbol
[ERROR]   symbol:   method getConfigManager()
[ERROR]   location: variable plugin of type com.tw0far.potiongames.main.PotionGames
[ERROR] /E:/Privat/Temp/PotionGames/src/main/java/com/tw0far/potiongames/handlers/ReloadHandler.java:[84,37] cannot find symbol
[ERROR]   symbol:   method getLobbyMap()
[ERROR]   location: variable game of type com.tw0far.potiongames.models.Game
[ERROR] /E:/Privat/Temp/PotionGames/src/main/java/com/tw0far/potiongames/handlers/ReloadHandler.java:[85,21] cannot find symbol
[ERROR]   symbol:   method getLobbyMap()
[ERROR]   location: variable game of type com.tw0far.potiongames.models.Game
[ERROR] /E:/Privat/Temp/PotionGames/src/main/java/com/tw0far/potiongames/handlers/ReloadHandler.java:[123,25] cannot find symbol
[ERROR]   symbol:   class ItemStack
[ERROR]   location: class com.tw0far.potiongames.handlers.ReloadHandler
[ERROR] /E:/Privat/Temp/PotionGames/src/main/java/com/tw0far/potiongames/handlers/ReloadHandler.java:[124,25] cannot find symbol
[ERROR]   symbol:   class ItemStack
[ERROR]   location: class com.tw0far.potiongames.handlers.ReloadHandler
[ERROR] /E:/Privat/Temp/PotionGames/src/main/java/com/tw0far/potiongames/listeners/CombatEventListener.java:[57,57] no suitable method found for get(java.util.HashMap<java.lang.String,java.util.HashMap<org.bukkit.entity.Player,java.lang.String>>,java.lang.String,org.bukkit.entity.Player,<nulltype>)
[ERROR]     method com.tw0far.potiongames.util.SafeMapAccess.<K1,K2,V>get(java.util.Map<K1,java.util.Map<K2,V>>,K1,K2) is not applicable
[ERROR]       (cannot infer type-variable(s) K1,K2,V
[ERROR]         (actual and formal argument lists differ in length))
[ERROR]     method com.tw0far.potiongames.util.SafeMapAccess.<K1,K2,V>get(java.util.Map<K1,java.util.Map<K2,V>>,K1,K2,V) is not applicable
[ERROR]       (cannot infer type-variable(s) K1,K2,V
[ERROR]         (argument mismatch; java.util.HashMap<java.lang.String,java.util.HashMap<org.bukkit.entity.Player,java.lang.String>> cannot be converted to java.util.Map<K1,java.util.Map<K2,V>>))
[ERROR] /E:/Privat/Temp/PotionGames/src/main/java/com/tw0far/potiongames/listeners/CombatEventListener.java:[57,117] no suitable method found for get(java.util.HashMap<java.lang.String,java.util.HashMap<org.bukkit.entity.Player,java.lang.String>>,java.lang.String,org.bukkit.entity.Player,<nulltype>)
[ERROR]     method com.tw0far.potiongames.util.SafeMapAccess.<K1,K2,V>get(java.util.Map<K1,java.util.Map<K2,V>>,K1,K2) is not applicable
[ERROR]       (cannot infer type-variable(s) K1,K2,V
[ERROR]         (actual and formal argument lists differ in length))
[ERROR]     method com.tw0far.potiongames.util.SafeMapAccess.<K1,K2,V>get(java.util.Map<K1,java.util.Map<K2,V>>,K1,K2,V) is not applicable
[ERROR]       (cannot infer type-variable(s) K1,K2,V
[ERROR]         (argument mismatch; java.util.HashMap<java.lang.String,java.util.HashMap<org.bukkit.entity.Player,java.lang.String>> cannot be converted to java.util.Map<K1,java.util.Map<K2,V>>))
[ERROR] /E:/Privat/Temp/PotionGames/src/main/java/com/tw0far/potiongames/listeners/CombatEventListener.java:[116,54] method contains in class com.tw0far.potiongames.util.SafeMapAccess cannot be applied to given types;
[ERROR]   required: java.util.Map<K1,java.util.Map<K2,V>>,K1,K2
[ERROR]   found:    java.util.HashMap<java.lang.String,java.util.HashMap<org.bukkit.entity.Player,java.lang.String>>,java.lang.String,org.bukkit.entity.Player
[ERROR]   reason: cannot infer type-variable(s) K1,K2,V
[ERROR]     (argument mismatch; java.util.HashMap<java.lang.String,java.util.HashMap<org.bukkit.entity.Player,java.lang.String>> cannot be converted to java.util.Map<K1,java.util.Map<K2,V>>)
[ERROR] /E:/Privat/Temp/PotionGames/src/main/java/com/tw0far/potiongames/listeners/CombatEventListener.java:[116,115] no suitable method found for get(java.util.HashMap<java.lang.String,java.util.HashMap<org.bukkit.entity.Player,java.lang.String>>,java.lang.String,<nulltype>,<nulltype>)
[ERROR]     method com.tw0far.potiongames.util.SafeMapAccess.<K1,K2,V>get(java.util.Map<K1,java.util.Map<K2,V>>,K1,K2) is not applicable
[ERROR]       (cannot infer type-variable(s) K1,K2,V
[ERROR]         (actual and formal argument lists differ in length))
[ERROR]     method com.tw0far.potiongames.util.SafeMapAccess.<K1,K2,V>get(java.util.Map<K1,java.util.Map<K2,V>>,K1,K2,V) is not applicable
[ERROR]       (cannot infer type-variable(s) K1,K2,V
[ERROR]         (argument mismatch; java.util.HashMap<java.lang.String,java.util.HashMap<org.bukkit.entity.Player,java.lang.String>> cannot be converted to java.util.Map<K1,java.util.Map<K2,V>>))
[ERROR] /E:/Privat/Temp/PotionGames/src/main/java/com/tw0far/potiongames/listeners/CombatEventListener.java:[116,188] no suitable method found for get(java.util.HashMap<java.lang.String,java.util.HashMap<org.bukkit.entity.Player,java.lang.String>>,java.lang.String,<nulltype>,<nulltype>)
[ERROR]     method com.tw0far.potiongames.util.SafeMapAccess.<K1,K2,V>get(java.util.Map<K1,java.util.Map<K2,V>>,K1,K2) is not applicable
[ERROR]       (cannot infer type-variable(s) K1,K2,V
[ERROR]         (actual and formal argument lists differ in length))
[ERROR]     method com.tw0far.potiongames.util.SafeMapAccess.<K1,K2,V>get(java.util.Map<K1,java.util.Map<K2,V>>,K1,K2,V) is not applicable
[ERROR]       (cannot infer type-variable(s) K1,K2,V
[ERROR]         (argument mismatch; java.util.HashMap<java.lang.String,java.util.HashMap<org.bukkit.entity.Player,java.lang.String>> cannot be converted to java.util.Map<K1,java.util.Map<K2,V>>))
[ERROR] /E:/Privat/Temp/PotionGames/src/main/java/com/tw0far/potiongames/listeners/CombatEventListener.java:[117,73] no suitable method found for get(java.util.HashMap<java.lang.String,java.util.HashMap<org.bukkit.entity.Player,java.lang.String>>,java.lang.String,org.bukkit.entity.Player,<nulltype>)
[ERROR]     method com.tw0far.potiongames.util.SafeMapAccess.<K1,K2,V>get(java.util.Map<K1,java.util.Map<K2,V>>,K1,K2) is not applicable
[ERROR]       (cannot infer type-variable(s) K1,K2,V
[ERROR]         (actual and formal argument lists differ in length))
[ERROR]     method com.tw0far.potiongames.util.SafeMapAccess.<K1,K2,V>get(java.util.Map<K1,java.util.Map<K2,V>>,K1,K2,V) is not applicable
[ERROR]       (cannot infer type-variable(s) K1,K2,V
[ERROR]         (argument mismatch; java.util.HashMap<java.lang.String,java.util.HashMap<org.bukkit.entity.Player,java.lang.String>> cannot be converted to java.util.Map<K1,java.util.Map<K2,V>>))
[ERROR] /E:/Privat/Temp/PotionGames/src/main/java/com/tw0far/potiongames/listeners/CombatEventListener.java:[122,46] method remove in class com.tw0far.potiongames.util.SafeMapAccess cannot be applied to given types;
[ERROR]   required: java.util.Map<K1,java.util.Map<K2,V>>,K1,K2
[ERROR]   found:    java.util.HashMap<java.lang.String,java.util.HashMap<org.bukkit.entity.Player,java.lang.String>>,java.lang.String,org.bukkit.entity.Player
[ERROR]   reason: cannot infer type-variable(s) K1,K2,V
[ERROR]     (argument mismatch; java.util.HashMap<java.lang.String,java.util.HashMap<org.bukkit.entity.Player,java.lang.String>> cannot be converted to java.util.Map<K1,java.util.Map<K2,V>>)
[ERROR] /E:/Privat/Temp/PotionGames/src/main/java/com/tw0far/potiongames/listeners/CombatEventListener.java:[124,63] no suitable method found for get(java.util.HashMap<java.lang.String,java.util.HashMap<java.lang.Integer,java.lang.Integer>>,java.lang.String,int,int)
[ERROR]     method com.tw0far.potiongames.util.SafeMapAccess.<K1,K2,V>get(java.util.Map<K1,java.util.Map<K2,V>>,K1,K2) is not applicable
[ERROR]       (cannot infer type-variable(s) K1,K2,V
[ERROR]         (actual and formal argument lists differ in length))
[ERROR]     method com.tw0far.potiongames.util.SafeMapAccess.<K1,K2,V>get(java.util.Map<K1,java.util.Map<K2,V>>,K1,K2,V) is not applicable
[ERROR]       (cannot infer type-variable(s) K1,K2,V
[ERROR]         (argument mismatch; java.util.HashMap<java.lang.String,java.util.HashMap<java.lang.Integer,java.lang.Integer>> cannot be converted to java.util.Map<K1,java.util.Map<K2,V>>))
[ERROR] /E:/Privat/Temp/PotionGames/src/main/java/com/tw0far/potiongames/listeners/CombatEventListener.java:[126,46] method put in class com.tw0far.potiongames.util.SafeMapAccess cannot be applied to given types;
[ERROR]   required: java.util.Map<K1,java.util.Map<K2,V>>,K1,K2,V
[ERROR]   found:    java.util.HashMap<java.lang.String,java.util.HashMap<java.lang.Integer,java.lang.Integer>>,java.lang.String,int,int
[ERROR]   reason: cannot infer type-variable(s) K1,K2,V
[ERROR]     (argument mismatch; java.util.HashMap<java.lang.String,java.util.HashMap<java.lang.Integer,java.lang.Integer>> cannot be converted to java.util.Map<K1,java.util.Map<K2,V>>)
[ERROR] /E:/Privat/Temp/PotionGames/src/main/java/com/tw0far/potiongames/listeners/CombatEventListener.java:[127,50] no suitable method found for get(java.util.HashMap<java.lang.String,java.util.HashMap<java.lang.Integer,java.lang.Integer>>,java.lang.String,int,int)
[ERROR]     method com.tw0far.potiongames.util.SafeMapAccess.<K1,K2,V>get(java.util.Map<K1,java.util.Map<K2,V>>,K1,K2) is not applicable
[ERROR]       (cannot infer type-variable(s) K1,K2,V
[ERROR]         (actual and formal argument lists differ in length))
[ERROR]     method com.tw0far.potiongames.util.SafeMapAccess.<K1,K2,V>get(java.util.Map<K1,java.util.Map<K2,V>>,K1,K2,V) is not applicable
[ERROR]       (cannot infer type-variable(s) K1,K2,V
[ERROR]         (argument mismatch; java.util.HashMap<java.lang.String,java.util.HashMap<java.lang.Integer,java.lang.Integer>> cannot be converted to java.util.Map<K1,java.util.Map<K2,V>>))
[ERROR] /E:/Privat/Temp/PotionGames/src/main/java/com/tw0far/potiongames/listeners/CombatEventListener.java:[128,50] method remove in class com.tw0far.potiongames.util.SafeMapAccess cannot be applied to given types;
[ERROR]   required: java.util.Map<K1,java.util.Map<K2,V>>,K1,K2
[ERROR]   found:    java.util.HashMap<java.lang.String,java.util.HashMap<java.lang.Integer,java.lang.Integer>>,java.lang.String,int
[ERROR]   reason: cannot infer type-variable(s) K1,K2,V
[ERROR]     (argument mismatch; java.util.HashMap<java.lang.String,java.util.HashMap<java.lang.Integer,java.lang.Integer>> cannot be converted to java.util.Map<K1,java.util.Map<K2,V>>)
[ERROR] /E:/Privat/Temp/PotionGames/src/main/java/com/tw0far/potiongames/listeners/InventoryEventListener.java:[81,50] no suitable method found for get(java.util.HashMap<java.lang.String,java.util.HashMap<java.lang.String,java.lang.Integer>>,java.lang.String,java.lang.String,int)
[ERROR]     method com.tw0far.potiongames.util.SafeMapAccess.<K1,K2,V>get(java.util.Map<K1,java.util.Map<K2,V>>,K1,K2) is not applicable
[ERROR]       (cannot infer type-variable(s) K1,K2,V
[ERROR]         (actual and formal argument lists differ in length))
[ERROR]     method com.tw0far.potiongames.util.SafeMapAccess.<K1,K2,V>get(java.util.Map<K1,java.util.Map<K2,V>>,K1,K2,V) is not applicable
[ERROR]       (cannot infer type-variable(s) K1,K2,V
[ERROR]         (argument mismatch; java.util.HashMap<java.lang.String,java.util.HashMap<java.lang.String,java.lang.Integer>> cannot be converted to java.util.Map<K1,java.util.Map<K2,V>>))
[ERROR] /E:/Privat/Temp/PotionGames/src/main/java/com/tw0far/potiongames/listeners/InventoryEventListener.java:[84,52] no suitable method found for get(java.util.HashMap<java.lang.String,java.util.HashMap<java.lang.String,java.lang.Integer>>,java.lang.String,java.lang.String,int)
[ERROR]     method com.tw0far.potiongames.util.SafeMapAccess.<K1,K2,V>get(java.util.Map<K1,java.util.Map<K2,V>>,K1,K2) is not applicable
[ERROR]       (cannot infer type-variable(s) K1,K2,V
[ERROR]         (actual and formal argument lists differ in length))
[ERROR]     method com.tw0far.potiongames.util.SafeMapAccess.<K1,K2,V>get(java.util.Map<K1,java.util.Map<K2,V>>,K1,K2,V) is not applicable
[ERROR]       (cannot infer type-variable(s) K1,K2,V
[ERROR]         (argument mismatch; java.util.HashMap<java.lang.String,java.util.HashMap<java.lang.String,java.lang.Integer>> cannot be converted to java.util.Map<K1,java.util.Map<K2,V>>))
[ERROR] /E:/Privat/Temp/PotionGames/src/main/java/com/tw0far/potiongames/listeners/InventoryEventListener.java:[88,61] no suitable method found for get(java.util.HashMap<java.lang.String,java.util.HashMap<java.lang.String,java.lang.Integer>>,java.lang.String,java.lang.String,int)
[ERROR]     method com.tw0far.potiongames.util.SafeMapAccess.<K1,K2,V>get(java.util.Map<K1,java.util.Map<K2,V>>,K1,K2) is not applicable
[ERROR]       (cannot infer type-variable(s) K1,K2,V
[ERROR]         (actual and formal argument lists differ in length))
[ERROR]     method com.tw0far.potiongames.util.SafeMapAccess.<K1,K2,V>get(java.util.Map<K1,java.util.Map<K2,V>>,K1,K2,V) is not applicable
[ERROR]       (cannot infer type-variable(s) K1,K2,V
[ERROR]         (argument mismatch; java.util.HashMap<java.lang.String,java.util.HashMap<java.lang.String,java.lang.Integer>> cannot be converted to java.util.Map<K1,java.util.Map<K2,V>>))
[ERROR] /E:/Privat/Temp/PotionGames/src/main/java/com/tw0far/potiongames/listeners/InventoryEventListener.java:[99,65] no suitable method found for get(java.util.HashMap<java.lang.String,java.util.HashMap<org.bukkit.entity.Player,java.lang.String>>,java.lang.String,org.bukkit.entity.Player,<nulltype>)
[ERROR]     method com.tw0far.potiongames.util.SafeMapAccess.<K1,K2,V>get(java.util.Map<K1,java.util.Map<K2,V>>,K1,K2) is not applicable
[ERROR]       (cannot infer type-variable(s) K1,K2,V
[ERROR]         (actual and formal argument lists differ in length))
[ERROR]     method com.tw0far.potiongames.util.SafeMapAccess.<K1,K2,V>get(java.util.Map<K1,java.util.Map<K2,V>>,K1,K2,V) is not applicable
[ERROR]       (cannot infer type-variable(s) K1,K2,V
[ERROR]         (argument mismatch; java.util.HashMap<java.lang.String,java.util.HashMap<org.bukkit.entity.Player,java.lang.String>> cannot be converted to java.util.Map<K1,java.util.Map<K2,V>>))
[ERROR] /E:/Privat/Temp/PotionGames/src/main/java/com/tw0far/potiongames/listeners/InventoryEventListener.java:[104,38] method remove in class com.tw0far.potiongames.util.SafeMapAccess cannot be applied to given types;
[ERROR]   required: java.util.Map<K1,java.util.Map<K2,V>>,K1,K2
[ERROR]   found:    java.util.HashMap<java.lang.String,java.util.HashMap<org.bukkit.entity.Player,java.lang.String>>,java.lang.String,org.bukkit.entity.Player
[ERROR]   reason: cannot infer type-variable(s) K1,K2,V
[ERROR]     (argument mismatch; java.util.HashMap<java.lang.String,java.util.HashMap<org.bukkit.entity.Player,java.lang.String>> cannot be converted to java.util.Map<K1,java.util.Map<K2,V>>)
[ERROR] /E:/Privat/Temp/PotionGames/src/main/java/com/tw0far/potiongames/listeners/InventoryEventListener.java:[105,50] no suitable method found for get(java.util.HashMap<java.lang.String,java.util.HashMap<java.lang.String,java.lang.Integer>>,java.lang.String,java.lang.String,int)
[ERROR]     method com.tw0far.potiongames.util.SafeMapAccess.<K1,K2,V>get(java.util.Map<K1,java.util.Map<K2,V>>,K1,K2) is not applicable
[ERROR]       (cannot infer type-variable(s) K1,K2,V
[ERROR]         (actual and formal argument lists differ in length))
[ERROR]     method com.tw0far.potiongames.util.SafeMapAccess.<K1,K2,V>get(java.util.Map<K1,java.util.Map<K2,V>>,K1,K2,V) is not applicable
[ERROR]       (cannot infer type-variable(s) K1,K2,V
[ERROR]         (argument mismatch; java.util.HashMap<java.lang.String,java.util.HashMap<java.lang.String,java.lang.Integer>> cannot be converted to java.util.Map<K1,java.util.Map<K2,V>>))
[ERROR] /E:/Privat/Temp/PotionGames/src/main/java/com/tw0far/potiongames/listeners/InventoryEventListener.java:[108,52] no suitable method found for get(java.util.HashMap<java.lang.String,java.util.HashMap<java.lang.String,java.lang.Integer>>,java.lang.String,java.lang.String,int)
[ERROR]     method com.tw0far.potiongames.util.SafeMapAccess.<K1,K2,V>get(java.util.Map<K1,java.util.Map<K2,V>>,K1,K2) is not applicable
[ERROR]       (cannot infer type-variable(s) K1,K2,V
[ERROR]         (actual and formal argument lists differ in length))
[ERROR]     method com.tw0far.potiongames.util.SafeMapAccess.<K1,K2,V>get(java.util.Map<K1,java.util.Map<K2,V>>,K1,K2,V) is not applicable
[ERROR]       (cannot infer type-variable(s) K1,K2,V
[ERROR]         (argument mismatch; java.util.HashMap<java.lang.String,java.util.HashMap<java.lang.String,java.lang.Integer>> cannot be converted to java.util.Map<K1,java.util.Map<K2,V>>))
[ERROR] /E:/Privat/Temp/PotionGames/src/main/java/com/tw0far/potiongames/listeners/InventoryEventListener.java:[112,61] no suitable method found for get(java.util.HashMap<java.lang.String,java.util.HashMap<java.lang.String,java.lang.Integer>>,java.lang.String,java.lang.String,int)
[ERROR]     method com.tw0far.potiongames.util.SafeMapAccess.<K1,K2,V>get(java.util.Map<K1,java.util.Map<K2,V>>,K1,K2) is not applicable
[ERROR]       (cannot infer type-variable(s) K1,K2,V
[ERROR]         (actual and formal argument lists differ in length))
[ERROR]     method com.tw0far.potiongames.util.SafeMapAccess.<K1,K2,V>get(java.util.Map<K1,java.util.Map<K2,V>>,K1,K2,V) is not applicable
[ERROR]       (cannot infer type-variable(s) K1,K2,V
[ERROR]         (argument mismatch; java.util.HashMap<java.lang.String,java.util.HashMap<java.lang.String,java.lang.Integer>> cannot be converted to java.util.Map<K1,java.util.Map<K2,V>>))
[ERROR] /E:/Privat/Temp/PotionGames/src/main/java/com/tw0far/potiongames/listeners/InventoryEventListener.java:[119,46] no suitable method found for get(java.util.HashMap<java.lang.String,java.util.HashMap<java.lang.String,java.lang.Integer>>,java.lang.String,java.lang.String,int)
[ERROR]     method com.tw0far.potiongames.util.SafeMapAccess.<K1,K2,V>get(java.util.Map<K1,java.util.Map<K2,V>>,K1,K2) is not applicable
[ERROR]       (cannot infer type-variable(s) K1,K2,V
[ERROR]         (actual and formal argument lists differ in length))
[ERROR]     method com.tw0far.potiongames.util.SafeMapAccess.<K1,K2,V>get(java.util.Map<K1,java.util.Map<K2,V>>,K1,K2,V) is not applicable
[ERROR]       (cannot infer type-variable(s) K1,K2,V
[ERROR]         (argument mismatch; java.util.HashMap<java.lang.String,java.util.HashMap<java.lang.String,java.lang.Integer>> cannot be converted to java.util.Map<K1,java.util.Map<K2,V>>))
[ERROR] /E:/Privat/Temp/PotionGames/src/main/java/com/tw0far/potiongames/listeners/InventoryEventListener.java:[122,52] no suitable method found for get(java.util.HashMap<java.lang.String,java.util.HashMap<java.lang.String,java.lang.Integer>>,java.lang.String,java.lang.String,int)
[ERROR]     method com.tw0far.potiongames.util.SafeMapAccess.<K1,K2,V>get(java.util.Map<K1,java.util.Map<K2,V>>,K1,K2) is not applicable
[ERROR]       (cannot infer type-variable(s) K1,K2,V
[ERROR]         (actual and formal argument lists differ in length))
[ERROR]     method com.tw0far.potiongames.util.SafeMapAccess.<K1,K2,V>get(java.util.Map<K1,java.util.Map<K2,V>>,K1,K2,V) is not applicable
[ERROR]       (cannot infer type-variable(s) K1,K2,V
[ERROR]         (argument mismatch; java.util.HashMap<java.lang.String,java.util.HashMap<java.lang.String,java.lang.Integer>> cannot be converted to java.util.Map<K1,java.util.Map<K2,V>>))
[ERROR] /E:/Privat/Temp/PotionGames/src/main/java/com/tw0far/potiongames/listeners/InventoryEventListener.java:[126,61] no suitable method found for get(java.util.HashMap<java.lang.String,java.util.HashMap<java.lang.String,java.lang.Integer>>,java.lang.String,java.lang.String,int)
[ERROR]     method com.tw0far.potiongames.util.SafeMapAccess.<K1,K2,V>get(java.util.Map<K1,java.util.Map<K2,V>>,K1,K2) is not applicable
[ERROR]       (cannot infer type-variable(s) K1,K2,V
[ERROR]         (actual and formal argument lists differ in length))
[ERROR]     method com.tw0far.potiongames.util.SafeMapAccess.<K1,K2,V>get(java.util.Map<K1,java.util.Map<K2,V>>,K1,K2,V) is not applicable
[ERROR]       (cannot infer type-variable(s) K1,K2,V
[ERROR]         (argument mismatch; java.util.HashMap<java.lang.String,java.util.HashMap<java.lang.String,java.lang.Integer>> cannot be converted to java.util.Map<K1,java.util.Map<K2,V>>))
[ERROR] /E:/Privat/Temp/PotionGames/src/main/java/com/tw0far/potiongames/listeners/InventoryEventListener.java:[135,188] no suitable method found for get(java.util.HashMap<java.lang.String,java.util.HashMap<java.lang.String,java.lang.Integer>>,java.lang.String,java.lang.String,int)
[ERROR]     method com.tw0far.potiongames.util.SafeMapAccess.<K1,K2,V>get(java.util.Map<K1,java.util.Map<K2,V>>,K1,K2) is not applicable
[ERROR]       (cannot infer type-variable(s) K1,K2,V
[ERROR]         (actual and formal argument lists differ in length))
[ERROR]     method com.tw0far.potiongames.util.SafeMapAccess.<K1,K2,V>get(java.util.Map<K1,java.util.Map<K2,V>>,K1,K2,V) is not applicable
[ERROR]       (cannot infer type-variable(s) K1,K2,V
[ERROR]         (argument mismatch; java.util.HashMap<java.lang.String,java.util.HashMap<java.lang.String,java.lang.Integer>> cannot be converted to java.util.Map<K1,java.util.Map<K2,V>>))
[ERROR] /E:/Privat/Temp/PotionGames/src/main/java/com/tw0far/potiongames/listeners/InventoryEventListener.java:[138,34] method put in class com.tw0far.potiongames.util.SafeMapAccess cannot be applied to given types;
[ERROR]   required: java.util.Map<K1,java.util.Map<K2,V>>,K1,K2,V
[ERROR]   found:    java.util.HashMap<java.lang.String,java.util.HashMap<org.bukkit.entity.Player,java.lang.String>>,java.lang.String,org.bukkit.entity.Player,java.lang.String
[ERROR]   reason: cannot infer type-variable(s) K1,K2,V
[ERROR]     (argument mismatch; java.util.HashMap<java.lang.String,java.util.HashMap<org.bukkit.entity.Player,java.lang.String>> cannot be converted to java.util.Map<K1,java.util.Map<K2,V>>)
[ERROR] /E:/Privat/Temp/PotionGames/src/main/java/com/tw0far/potiongames/listeners/InventoryEventListener.java:[172,48] no suitable method found for get(java.util.HashMap<java.lang.String,java.util.HashMap<java.lang.Integer,java.lang.Integer>>,java.lang.String,int,<nulltype>)
[ERROR]     method com.tw0far.potiongames.util.SafeMapAccess.<K1,K2,V>get(java.util.Map<K1,java.util.Map<K2,V>>,K1,K2) is not applicable
[ERROR]       (cannot infer type-variable(s) K1,K2,V
[ERROR]         (actual and formal argument lists differ in length))
[ERROR]     method com.tw0far.potiongames.util.SafeMapAccess.<K1,K2,V>get(java.util.Map<K1,java.util.Map<K2,V>>,K1,K2,V) is not applicable
[ERROR]       (cannot infer type-variable(s) K1,K2,V
[ERROR]         (argument mismatch; java.util.HashMap<java.lang.String,java.util.HashMap<java.lang.Integer,java.lang.Integer>> cannot be converted to java.util.Map<K1,java.util.Map<K2,V>>))
[ERROR] /E:/Privat/Temp/PotionGames/src/main/java/com/tw0far/potiongames/listeners/InventoryEventListener.java:[176,44] no suitable method found for get(java.util.HashMap<java.lang.String,java.util.HashMap<java.lang.Integer,java.lang.Integer>>,java.lang.String,int,int)
[ERROR]     method com.tw0far.potiongames.util.SafeMapAccess.<K1,K2,V>get(java.util.Map<K1,java.util.Map<K2,V>>,K1,K2) is not applicable
[ERROR]       (cannot infer type-variable(s) K1,K2,V
[ERROR]         (actual and formal argument lists differ in length))
[ERROR]     method com.tw0far.potiongames.util.SafeMapAccess.<K1,K2,V>get(java.util.Map<K1,java.util.Map<K2,V>>,K1,K2,V) is not applicable
[ERROR]       (cannot infer type-variable(s) K1,K2,V
[ERROR]         (argument mismatch; java.util.HashMap<java.lang.String,java.util.HashMap<java.lang.Integer,java.lang.Integer>> cannot be converted to java.util.Map<K1,java.util.Map<K2,V>>))
[ERROR] /E:/Privat/Temp/PotionGames/src/main/java/com/tw0far/potiongames/listeners/InventoryEventListener.java:[180,51] no suitable method found for get(java.util.HashMap<java.lang.String,java.util.HashMap<java.lang.Integer,java.lang.Integer>>,java.lang.String,int,int)
[ERROR]     method com.tw0far.potiongames.util.SafeMapAccess.<K1,K2,V>get(java.util.Map<K1,java.util.Map<K2,V>>,K1,K2) is not applicable
[ERROR]       (cannot infer type-variable(s) K1,K2,V
[ERROR]         (actual and formal argument lists differ in length))
[ERROR]     method com.tw0far.potiongames.util.SafeMapAccess.<K1,K2,V>get(java.util.Map<K1,java.util.Map<K2,V>>,K1,K2,V) is not applicable
[ERROR]       (cannot infer type-variable(s) K1,K2,V
[ERROR]         (argument mismatch; java.util.HashMap<java.lang.String,java.util.HashMap<java.lang.Integer,java.lang.Integer>> cannot be converted to java.util.Map<K1,java.util.Map<K2,V>>))
[ERROR] /E:/Privat/Temp/PotionGames/src/main/java/com/tw0far/potiongames/listeners/InventoryEventListener.java:[187,184] no suitable method found for get(java.util.HashMap<java.lang.String,java.util.HashMap<java.lang.Integer,java.lang.Integer>>,java.lang.String,int,int)
[ERROR]     method com.tw0far.potiongames.util.SafeMapAccess.<K1,K2,V>get(java.util.Map<K1,java.util.Map<K2,V>>,K1,K2) is not applicable
[ERROR]       (cannot infer type-variable(s) K1,K2,V
[ERROR]         (actual and formal argument lists differ in length))
[ERROR]     method com.tw0far.potiongames.util.SafeMapAccess.<K1,K2,V>get(java.util.Map<K1,java.util.Map<K2,V>>,K1,K2,V) is not applicable
[ERROR]       (cannot infer type-variable(s) K1,K2,V
[ERROR]         (argument mismatch; java.util.HashMap<java.lang.String,java.util.HashMap<java.lang.Integer,java.lang.Integer>> cannot be converted to java.util.Map<K1,java.util.Map<K2,V>>))
[ERROR] /E:/Privat/Temp/PotionGames/src/main/java/com/tw0far/potiongames/listeners/InventoryEventListener.java:[190,30] method put in class com.tw0far.potiongames.util.SafeMapAccess cannot be applied to given types;
[ERROR]   required: java.util.Map<K1,java.util.Map<K2,V>>,K1,K2,V
[ERROR]   found:    java.util.HashMap<java.lang.String,java.util.HashMap<org.bukkit.entity.Player,java.lang.String>>,java.lang.String,org.bukkit.entity.Player,java.lang.String
[ERROR]   reason: cannot infer type-variable(s) K1,K2,V
[ERROR]     (argument mismatch; java.util.HashMap<java.lang.String,java.util.HashMap<org.bukkit.entity.Player,java.lang.String>> cannot be converted to java.util.Map<K1,java.util.Map<K2,V>>)
[ERROR] /E:/Privat/Temp/PotionGames/src/main/java/com/tw0far/potiongames/listeners/InventoryEventListener.java:[199,26] no suitable method found for get(java.util.HashMap<java.lang.String,java.util.HashMap<java.lang.Integer,java.lang.Integer>>,java.lang.String,int,int)
[ERROR]     method com.tw0far.potiongames.util.SafeMapAccess.<K1,K2,V>get(java.util.Map<K1,java.util.Map<K2,V>>,K1,K2) is not applicable
[ERROR]       (cannot infer type-variable(s) K1,K2,V
[ERROR]         (actual and formal argument lists differ in length))
[ERROR]     method com.tw0far.potiongames.util.SafeMapAccess.<K1,K2,V>get(java.util.Map<K1,java.util.Map<K2,V>>,K1,K2,V) is not applicable
[ERROR]       (cannot infer type-variable(s) K1,K2,V
[ERROR]         (argument mismatch; java.util.HashMap<java.lang.String,java.util.HashMap<java.lang.Integer,java.lang.Integer>> cannot be converted to java.util.Map<K1,java.util.Map<K2,V>>))
[ERROR] /E:/Privat/Temp/PotionGames/src/main/java/com/tw0far/potiongames/listeners/InventoryEventListener.java:[201,40] no suitable method found for get(java.util.HashMap<java.lang.String,java.util.HashMap<java.lang.Integer,java.lang.Integer>>,java.lang.String,int,int)
[ERROR]     method com.tw0far.potiongames.util.SafeMapAccess.<K1,K2,V>get(java.util.Map<K1,java.util.Map<K2,V>>,K1,K2) is not applicable
[ERROR]       (cannot infer type-variable(s) K1,K2,V
[ERROR]         (actual and formal argument lists differ in length))
[ERROR]     method com.tw0far.potiongames.util.SafeMapAccess.<K1,K2,V>get(java.util.Map<K1,java.util.Map<K2,V>>,K1,K2,V) is not applicable
[ERROR]       (cannot infer type-variable(s) K1,K2,V
[ERROR]         (argument mismatch; java.util.HashMap<java.lang.String,java.util.HashMap<java.lang.Integer,java.lang.Integer>> cannot be converted to java.util.Map<K1,java.util.Map<K2,V>>))
[ERROR] /E:/Privat/Temp/PotionGames/src/main/java/com/tw0far/potiongames/listeners/InventoryEventListener.java:[205,47] no suitable method found for get(java.util.HashMap<java.lang.String,java.util.HashMap<java.lang.Integer,java.lang.Integer>>,java.lang.String,int,int)
[ERROR]     method com.tw0far.potiongames.util.SafeMapAccess.<K1,K2,V>get(java.util.Map<K1,java.util.Map<K2,V>>,K1,K2) is not applicable
[ERROR]       (cannot infer type-variable(s) K1,K2,V
[ERROR]         (actual and formal argument lists differ in length))
[ERROR]     method com.tw0far.potiongames.util.SafeMapAccess.<K1,K2,V>get(java.util.Map<K1,java.util.Map<K2,V>>,K1,K2,V) is not applicable
[ERROR]       (cannot infer type-variable(s) K1,K2,V
[ERROR]         (argument mismatch; java.util.HashMap<java.lang.String,java.util.HashMap<java.lang.Integer,java.lang.Integer>> cannot be converted to java.util.Map<K1,java.util.Map<K2,V>>))
[ERROR] /E:/Privat/Temp/PotionGames/src/main/java/com/tw0far/potiongames/listeners/InventoryEventListener.java:[212,180] no suitable method found for get(java.util.HashMap<java.lang.String,java.util.HashMap<java.lang.Integer,java.lang.Integer>>,java.lang.String,int,int)
[ERROR]     method com.tw0far.potiongames.util.SafeMapAccess.<K1,K2,V>get(java.util.Map<K1,java.util.Map<K2,V>>,K1,K2) is not applicable
[ERROR]       (cannot infer type-variable(s) K1,K2,V
[ERROR]         (actual and formal argument lists differ in length))
[ERROR]     method com.tw0far.potiongames.util.SafeMapAccess.<K1,K2,V>get(java.util.Map<K1,java.util.Map<K2,V>>,K1,K2,V) is not applicable
[ERROR]       (cannot infer type-variable(s) K1,K2,V
[ERROR]         (argument mismatch; java.util.HashMap<java.lang.String,java.util.HashMap<java.lang.Integer,java.lang.Integer>> cannot be converted to java.util.Map<K1,java.util.Map<K2,V>>))
[ERROR] /E:/Privat/Temp/PotionGames/src/main/java/com/tw0far/potiongames/listeners/InventoryEventListener.java:[215,26] method put in class com.tw0far.potiongames.util.SafeMapAccess cannot be applied to given types;
[ERROR]   required: java.util.Map<K1,java.util.Map<K2,V>>,K1,K2,V
[ERROR]   found:    java.util.HashMap<java.lang.String,java.util.HashMap<org.bukkit.entity.Player,java.lang.String>>,java.lang.String,org.bukkit.entity.Player,java.lang.String
[ERROR]   reason: cannot infer type-variable(s) K1,K2,V
[ERROR]     (argument mismatch; java.util.HashMap<java.lang.String,java.util.HashMap<org.bukkit.entity.Player,java.lang.String>> cannot be converted to java.util.Map<K1,java.util.Map<K2,V>>)
[ERROR] /E:/Privat/Temp/PotionGames/src/main/java/com/tw0far/potiongames/listeners/InventoryEventListener.java:[231,45] no suitable method found for get(java.util.HashMap<java.lang.String,java.util.HashMap<org.bukkit.entity.Player,java.lang.String>>,java.lang.String,org.bukkit.entity.Player,<nulltype>)
[ERROR]     method com.tw0far.potiongames.util.SafeMapAccess.<K1,K2,V>get(java.util.Map<K1,java.util.Map<K2,V>>,K1,K2) is not applicable
[ERROR]       (cannot infer type-variable(s) K1,K2,V
[ERROR]         (actual and formal argument lists differ in length))
[ERROR]     method com.tw0far.potiongames.util.SafeMapAccess.<K1,K2,V>get(java.util.Map<K1,java.util.Map<K2,V>>,K1,K2,V) is not applicable
[ERROR]       (cannot infer type-variable(s) K1,K2,V
[ERROR]         (argument mismatch; java.util.HashMap<java.lang.String,java.util.HashMap<org.bukkit.entity.Player,java.lang.String>> cannot be converted to java.util.Map<K1,java.util.Map<K2,V>>))
[ERROR] /E:/Privat/Temp/PotionGames/src/main/java/com/tw0far/potiongames/listeners/InventoryEventListener.java:[235,22] method remove in class com.tw0far.potiongames.util.SafeMapAccess cannot be applied to given types;
[ERROR]   required: java.util.Map<K1,java.util.Map<K2,V>>,K1,K2
[ERROR]   found:    java.util.HashMap<java.lang.String,java.util.HashMap<org.bukkit.entity.Player,java.lang.String>>,java.lang.String,org.bukkit.entity.Player
[ERROR]   reason: cannot infer type-variable(s) K1,K2,V
[ERROR]     (argument mismatch; java.util.HashMap<java.lang.String,java.util.HashMap<org.bukkit.entity.Player,java.lang.String>> cannot be converted to java.util.Map<K1,java.util.Map<K2,V>>)
[ERROR] /E:/Privat/Temp/PotionGames/src/main/java/com/tw0far/potiongames/listeners/InventoryEventListener.java:[237,39] no suitable method found for get(java.util.HashMap<java.lang.String,java.util.HashMap<java.lang.Integer,java.lang.Integer>>,java.lang.String,int,int)
[ERROR]     method com.tw0far.potiongames.util.SafeMapAccess.<K1,K2,V>get(java.util.Map<K1,java.util.Map<K2,V>>,K1,K2) is not applicable
[ERROR]       (cannot infer type-variable(s) K1,K2,V
[ERROR]         (actual and formal argument lists differ in length))
[ERROR]     method com.tw0far.potiongames.util.SafeMapAccess.<K1,K2,V>get(java.util.Map<K1,java.util.Map<K2,V>>,K1,K2,V) is not applicable
[ERROR]       (cannot infer type-variable(s) K1,K2,V
[ERROR]         (argument mismatch; java.util.HashMap<java.lang.String,java.util.HashMap<java.lang.Integer,java.lang.Integer>> cannot be converted to java.util.Map<K1,java.util.Map<K2,V>>))
[ERROR] /E:/Privat/Temp/PotionGames/src/main/java/com/tw0far/potiongames/listeners/InventoryEventListener.java:[241,43] no suitable method found for get(java.util.HashMap<java.lang.String,java.util.HashMap<java.lang.Integer,java.lang.Integer>>,java.lang.String,int,int)
[ERROR]     method com.tw0far.potiongames.util.SafeMapAccess.<K1,K2,V>get(java.util.Map<K1,java.util.Map<K2,V>>,K1,K2) is not applicable
[ERROR]       (cannot infer type-variable(s) K1,K2,V
[ERROR]         (actual and formal argument lists differ in length))
[ERROR]     method com.tw0far.potiongames.util.SafeMapAccess.<K1,K2,V>get(java.util.Map<K1,java.util.Map<K2,V>>,K1,K2,V) is not applicable
[ERROR]       (cannot infer type-variable(s) K1,K2,V
[ERROR]         (argument mismatch; java.util.HashMap<java.lang.String,java.util.HashMap<java.lang.Integer,java.lang.Integer>> cannot be converted to java.util.Map<K1,java.util.Map<K2,V>>))
[ERROR] /E:/Privat/Temp/PotionGames/src/main/java/com/tw0far/potiongames/listeners/InventoryEventListener.java:[807,112] no suitable method found for get(java.util.HashMap<java.lang.String,java.util.HashMap<org.bukkit.entity.Player,java.lang.String>>,java.lang.String,org.bukkit.entity.Player,<nulltype>)
[ERROR]     method com.tw0far.potiongames.util.SafeMapAccess.<K1,K2,V>get(java.util.Map<K1,java.util.Map<K2,V>>,K1,K2) is not applicable
[ERROR]       (cannot infer type-variable(s) K1,K2,V
[ERROR]         (actual and formal argument lists differ in length))
[ERROR]     method com.tw0far.potiongames.util.SafeMapAccess.<K1,K2,V>get(java.util.Map<K1,java.util.Map<K2,V>>,K1,K2,V) is not applicable
[ERROR]       (cannot infer type-variable(s) K1,K2,V
[ERROR]         (argument mismatch; java.util.HashMap<java.lang.String,java.util.HashMap<org.bukkit.entity.Player,java.lang.String>> cannot be converted to java.util.Map<K1,java.util.Map<K2,V>>))
[ERROR] /E:/Privat/Temp/PotionGames/src/main/java/com/tw0far/potiongames/listeners/InventoryEventListener.java:[807,172] no suitable method found for get(java.util.HashMap<java.lang.String,java.util.HashMap<org.bukkit.entity.Player,java.lang.String>>,java.lang.String,org.bukkit.entity.Player,<nulltype>)
[ERROR]     method com.tw0far.potiongames.util.SafeMapAccess.<K1,K2,V>get(java.util.Map<K1,java.util.Map<K2,V>>,K1,K2) is not applicable
[ERROR]       (cannot infer type-variable(s) K1,K2,V
[ERROR]         (actual and formal argument lists differ in length))
[ERROR]     method com.tw0far.potiongames.util.SafeMapAccess.<K1,K2,V>get(java.util.Map<K1,java.util.Map<K2,V>>,K1,K2,V) is not applicable
[ERROR]       (cannot infer type-variable(s) K1,K2,V
[ERROR]         (argument mismatch; java.util.HashMap<java.lang.String,java.util.HashMap<org.bukkit.entity.Player,java.lang.String>> cannot be converted to java.util.Map<K1,java.util.Map<K2,V>>))
[ERROR] /E:/Privat/Temp/PotionGames/src/main/java/com/tw0far/potiongames/listeners/InventoryEventListener.java:[867,180] no suitable method found for get(java.util.HashMap<java.lang.String,java.util.HashMap<java.lang.String,java.lang.Integer>>,java.lang.String,java.lang.String,int)
[ERROR]     method com.tw0far.potiongames.util.SafeMapAccess.<K1,K2,V>get(java.util.Map<K1,java.util.Map<K2,V>>,K1,K2) is not applicable
[ERROR]       (cannot infer type-variable(s) K1,K2,V
[ERROR]         (actual and formal argument lists differ in length))
[ERROR]     method com.tw0far.potiongames.util.SafeMapAccess.<K1,K2,V>get(java.util.Map<K1,java.util.Map<K2,V>>,K1,K2,V) is not applicable
[ERROR]       (cannot infer type-variable(s) K1,K2,V
[ERROR]         (argument mismatch; java.util.HashMap<java.lang.String,java.util.HashMap<java.lang.String,java.lang.Integer>> cannot be converted to java.util.Map<K1,java.util.Map<K2,V>>))
[ERROR] /E:/Privat/Temp/PotionGames/src/main/java/com/tw0far/potiongames/listeners/InventoryEventListener.java:[876,187] no suitable method found for get(java.util.HashMap<java.lang.String,java.util.HashMap<java.lang.String,java.lang.Integer>>,java.lang.String,java.lang.String,int)
[ERROR]     method com.tw0far.potiongames.util.SafeMapAccess.<K1,K2,V>get(java.util.Map<K1,java.util.Map<K2,V>>,K1,K2) is not applicable
[ERROR]       (cannot infer type-variable(s) K1,K2,V
[ERROR]         (actual and formal argument lists differ in length))
[ERROR]     method com.tw0far.potiongames.util.SafeMapAccess.<K1,K2,V>get(java.util.Map<K1,java.util.Map<K2,V>>,K1,K2,V) is not applicable
[ERROR]       (cannot infer type-variable(s) K1,K2,V
[ERROR]         (argument mismatch; java.util.HashMap<java.lang.String,java.util.HashMap<java.lang.String,java.lang.Integer>> cannot be converted to java.util.Map<K1,java.util.Map<K2,V>>))
[ERROR] /E:/Privat/Temp/PotionGames/src/main/java/com/tw0far/potiongames/listeners/InventoryEventListener.java:[939,183] no suitable method found for get(java.util.HashMap<java.lang.String,java.util.HashMap<java.lang.Integer,java.lang.Integer>>,java.lang.String,java.lang.Integer,int)
[ERROR]     method com.tw0far.potiongames.util.SafeMapAccess.<K1,K2,V>get(java.util.Map<K1,java.util.Map<K2,V>>,K1,K2) is not applicable
[ERROR]       (cannot infer type-variable(s) K1,K2,V
[ERROR]         (actual and formal argument lists differ in length))
[ERROR]     method com.tw0far.potiongames.util.SafeMapAccess.<K1,K2,V>get(java.util.Map<K1,java.util.Map<K2,V>>,K1,K2,V) is not applicable
[ERROR]       (cannot infer type-variable(s) K1,K2,V
[ERROR]         (argument mismatch; java.util.HashMap<java.lang.String,java.util.HashMap<java.lang.Integer,java.lang.Integer>> cannot be converted to java.util.Map<K1,java.util.Map<K2,V>>))
[ERROR] /E:/Privat/Temp/PotionGames/src/main/java/com/tw0far/potiongames/listeners/InventoryEventListener.java:[945,58] no suitable method found for get(java.util.HashMap<java.lang.String,java.util.HashMap<org.bukkit.entity.Player,java.lang.String>>,java.lang.String,org.bukkit.entity.Player,java.lang.String)
[ERROR]     method com.tw0far.potiongames.util.SafeMapAccess.<K1,K2,V>get(java.util.Map<K1,java.util.Map<K2,V>>,K1,K2) is not applicable
[ERROR]       (cannot infer type-variable(s) K1,K2,V
[ERROR]         (actual and formal argument lists differ in length))
[ERROR]     method com.tw0far.potiongames.util.SafeMapAccess.<K1,K2,V>get(java.util.Map<K1,java.util.Map<K2,V>>,K1,K2,V) is not applicable
[ERROR]       (cannot infer type-variable(s) K1,K2,V
[ERROR]         (argument mismatch; java.util.HashMap<java.lang.String,java.util.HashMap<org.bukkit.entity.Player,java.lang.String>> cannot be converted to java.util.Map<K1,java.util.Map<K2,V>>))
[ERROR] -> [Help 1]
[ERROR] 
[ERROR] To see the full stack trace of the errors, re-run Maven with the -e switch.
[ERROR] Re-run Maven using the -X switch to enable full debug logging.
[ERROR] 
[ERROR] For more information about the errors and possible solutions, please read the following articles:
[ERROR] [Help 1] http://cwiki.apache.org/confluence/display/MAVEN/MojoFailureException
